Archive member included to satisfy reference by file (symbol)

c:/st/stm32cubeide_1.10.1/stm32cubeide/plugins/com.st.stm32cube.ide.mcu.externaltools.gnu-tools-for-stm32.10.3-2021.10.win32_1.0.0.202111181127/tools/bin/../lib/gcc/arm-none-eabi/10.3.1/../../../../arm-none-eabi/lib/thumb/v7e-m+fp/hard\libc_nano.a(lib_a-errno.o)
                              ./Core/Src/syscalls.o (__errno)
c:/st/stm32cubeide_1.10.1/stm32cubeide/plugins/com.st.stm32cube.ide.mcu.externaltools.gnu-tools-for-stm32.10.3-2021.10.win32_1.0.0.202111181127/tools/bin/../lib/gcc/arm-none-eabi/10.3.1/../../../../arm-none-eabi/lib/thumb/v7e-m+fp/hard\libc_nano.a(lib_a-exit.o)
                              c:/st/stm32cubeide_1.10.1/stm32cubeide/plugins/com.st.stm32cube.ide.mcu.externaltools.gnu-tools-for-stm32.10.3-2021.10.win32_1.0.0.202111181127/tools/bin/../lib/gcc/arm-none-eabi/10.3.1/../../../../arm-none-eabi/lib/thumb/v7e-m+fp/hard/crt0.o (exit)
c:/st/stm32cubeide_1.10.1/stm32cubeide/plugins/com.st.stm32cube.ide.mcu.externaltools.gnu-tools-for-stm32.10.3-2021.10.win32_1.0.0.202111181127/tools/bin/../lib/gcc/arm-none-eabi/10.3.1/../../../../arm-none-eabi/lib/thumb/v7e-m+fp/hard\libc_nano.a(lib_a-impure.o)
                              c:/st/stm32cubeide_1.10.1/stm32cubeide/plugins/com.st.stm32cube.ide.mcu.externaltools.gnu-tools-for-stm32.10.3-2021.10.win32_1.0.0.202111181127/tools/bin/../lib/gcc/arm-none-eabi/10.3.1/../../../../arm-none-eabi/lib/thumb/v7e-m+fp/hard\libc_nano.a(lib_a-exit.o) (_global_impure_ptr)
c:/st/stm32cubeide_1.10.1/stm32cubeide/plugins/com.st.stm32cube.ide.mcu.externaltools.gnu-tools-for-stm32.10.3-2021.10.win32_1.0.0.202111181127/tools/bin/../lib/gcc/arm-none-eabi/10.3.1/../../../../arm-none-eabi/lib/thumb/v7e-m+fp/hard\libc_nano.a(lib_a-init.o)
                              c:/st/stm32cubeide_1.10.1/stm32cubeide/plugins/com.st.stm32cube.ide.mcu.externaltools.gnu-tools-for-stm32.10.3-2021.10.win32_1.0.0.202111181127/tools/bin/../lib/gcc/arm-none-eabi/10.3.1/../../../../arm-none-eabi/lib/thumb/v7e-m+fp/hard/crt0.o (__libc_init_array)
c:/st/stm32cubeide_1.10.1/stm32cubeide/plugins/com.st.stm32cube.ide.mcu.externaltools.gnu-tools-for-stm32.10.3-2021.10.win32_1.0.0.202111181127/tools/bin/../lib/gcc/arm-none-eabi/10.3.1/../../../../arm-none-eabi/lib/thumb/v7e-m+fp/hard\libc_nano.a(lib_a-itoa.o)
                              ./Core/Src/app/app_sm.o (itoa)
c:/st/stm32cubeide_1.10.1/stm32cubeide/plugins/com.st.stm32cube.ide.mcu.externaltools.gnu-tools-for-stm32.10.3-2021.10.win32_1.0.0.202111181127/tools/bin/../lib/gcc/arm-none-eabi/10.3.1/../../../../arm-none-eabi/lib/thumb/v7e-m+fp/hard\libc_nano.a(lib_a-memset.o)
                              c:/st/stm32cubeide_1.10.1/stm32cubeide/plugins/com.st.stm32cube.ide.mcu.externaltools.gnu-tools-for-stm32.10.3-2021.10.win32_1.0.0.202111181127/tools/bin/../lib/gcc/arm-none-eabi/10.3.1/../../../../arm-none-eabi/lib/thumb/v7e-m+fp/hard/crt0.o (memset)
c:/st/stm32cubeide_1.10.1/stm32cubeide/plugins/com.st.stm32cube.ide.mcu.externaltools.gnu-tools-for-stm32.10.3-2021.10.win32_1.0.0.202111181127/tools/bin/../lib/gcc/arm-none-eabi/10.3.1/../../../../arm-none-eabi/lib/thumb/v7e-m+fp/hard\libc_nano.a(lib_a-strcat.o)
                              ./Core/Src/app/app_sm.o (strcat)
c:/st/stm32cubeide_1.10.1/stm32cubeide/plugins/com.st.stm32cube.ide.mcu.externaltools.gnu-tools-for-stm32.10.3-2021.10.win32_1.0.0.202111181127/tools/bin/../lib/gcc/arm-none-eabi/10.3.1/../../../../arm-none-eabi/lib/thumb/v7e-m+fp/hard\libc_nano.a(lib_a-strlen.o)
                              ./Core/Src/app/app_sm.o (strlen)
c:/st/stm32cubeide_1.10.1/stm32cubeide/plugins/com.st.stm32cube.ide.mcu.externaltools.gnu-tools-for-stm32.10.3-2021.10.win32_1.0.0.202111181127/tools/bin/../lib/gcc/arm-none-eabi/10.3.1/../../../../arm-none-eabi/lib/thumb/v7e-m+fp/hard\libc_nano.a(lib_a-utoa.o)
                              c:/st/stm32cubeide_1.10.1/stm32cubeide/plugins/com.st.stm32cube.ide.mcu.externaltools.gnu-tools-for-stm32.10.3-2021.10.win32_1.0.0.202111181127/tools/bin/../lib/gcc/arm-none-eabi/10.3.1/../../../../arm-none-eabi/lib/thumb/v7e-m+fp/hard\libc_nano.a(lib_a-itoa.o) (__utoa)
c:/st/stm32cubeide_1.10.1/stm32cubeide/plugins/com.st.stm32cube.ide.mcu.externaltools.gnu-tools-for-stm32.10.3-2021.10.win32_1.0.0.202111181127/tools/bin/../lib/gcc/arm-none-eabi/10.3.1/thumb/v7e-m+fp/hard\libgcc.a(_aeabi_uldivmod.o)
                              ./Drivers/STM32F4xx_HAL_Driver/Src/stm32f4xx_hal_rcc.o (__aeabi_uldivmod)
c:/st/stm32cubeide_1.10.1/stm32cubeide/plugins/com.st.stm32cube.ide.mcu.externaltools.gnu-tools-for-stm32.10.3-2021.10.win32_1.0.0.202111181127/tools/bin/../lib/gcc/arm-none-eabi/10.3.1/thumb/v7e-m+fp/hard\libgcc.a(_udivmoddi4.o)
                              c:/st/stm32cubeide_1.10.1/stm32cubeide/plugins/com.st.stm32cube.ide.mcu.externaltools.gnu-tools-for-stm32.10.3-2021.10.win32_1.0.0.202111181127/tools/bin/../lib/gcc/arm-none-eabi/10.3.1/thumb/v7e-m+fp/hard\libgcc.a(_aeabi_uldivmod.o) (__udivmoddi4)
[...]
Memory Configuration

Name             Origin             Length             Attributes
CCMRAM           0x0000000010000000 0x0000000000010000 xrw
RAM              0x0000000020000000 0x0000000000030000 xrw
FLASH            0x0000000008000000 0x0000000000200000 xr
*default*        0x0000000000000000 0xffffffffffffffff

Linker script and memory map

LOAD c:/st/stm32cubeide_1.10.1/stm32cubeide/plugins/com.st.stm32cube.ide.mcu.externaltools.gnu-tools-for-stm32.10.3-2021.10.win32_1.0.0.202111181127/tools/bin/../lib/gcc/arm-none-eabi/10.3.1/thumb/v7e-m+fp/hard/crti.o
LOAD c:/st/stm32cubeide_1.10.1/stm32cubeide/plugins/com.st.stm32cube.ide.mcu.externaltools.gnu-tools-for-stm32.10.3-2021.10.win32_1.0.0.202111181127/tools/bin/../lib/gcc/arm-none-eabi/10.3.1/thumb/v7e-m+fp/hard/crtbegin.o
LOAD c:/st/stm32cubeide_1.10.1/stm32cubeide/plugins/com.st.stm32cube.ide.mcu.externaltools.gnu-tools-for-stm32.10.3-2021.10.win32_1.0.0.202111181127/tools/bin/../lib/gcc/arm-none-eabi/10.3.1/../../../../arm-none-eabi/lib/thumb/v7e-m+fp/hard/crt0.o
LOAD ./Core/Src/app/app_sm.o
LOAD ./Core/Src/main.o
LOAD ./Core/Src/syscalls.o
LOAD ./Core/Src/sysmem.o
LOAD ./Core/Src/system_stm32f4xx.o
LOAD ./Core/Startup/startup_stm32f429zitx.o
LOAD ./Drivers/BSP/STM32F4xx_Nucleo_144/stm32f4xx_nucleo_144.o
LOAD ./Drivers/STM32F4xx_HAL_Driver/Src/stm32f4xx_hal.o
LOAD ./Drivers/STM32F4xx_HAL_Driver/Src/stm32f4xx_hal_cortex.o
LOAD ./Drivers/STM32F4xx_HAL_Driver/Src/stm32f4xx_hal_dma.o
LOAD ./Drivers/STM32F4xx_HAL_Driver/Src/stm32f4xx_hal_dma_ex.o
LOAD ./Drivers/STM32F4xx_HAL_Driver/Src/stm32f4xx_hal_exti.o
LOAD ./Drivers/STM32F4xx_HAL_Driver/Src/stm32f4xx_hal_flash.o
LOAD ./Drivers/STM32F4xx_HAL_Driver/Src/stm32f4xx_hal_flash_ex.o
LOAD ./Drivers/STM32F4xx_HAL_Driver/Src/stm32f4xx_hal_flash_ramfunc.o
LOAD ./Drivers/STM32F4xx_HAL_Driver/Src/stm32f4xx_hal_gpio.o
LOAD ./Drivers/STM32F4xx_HAL_Driver/Src/stm32f4xx_hal_i2c.o
LOAD ./Drivers/STM32F4xx_HAL_Driver/Src/stm32f4xx_hal_i2c_ex.o
LOAD ./Drivers/STM32F4xx_HAL_Driver/Src/stm32f4xx_hal_msp.o
LOAD ./Drivers/STM32F4xx_HAL_Driver/Src/stm32f4xx_hal_pwr.o
LOAD ./Drivers/STM32F4xx_HAL_Driver/Src/stm32f4xx_hal_pwr_ex.o
LOAD ./Drivers/STM32F4xx_HAL_Driver/Src/stm32f4xx_hal_rcc.o
LOAD ./Drivers/STM32F4xx_HAL_Driver/Src/stm32f4xx_hal_rcc_ex.o
LOAD ./Drivers/STM32F4xx_HAL_Driver/Src/stm32f4xx_hal_tim.o
LOAD ./Drivers/STM32F4xx_HAL_Driver/Src/stm32f4xx_hal_tim_ex.o
LOAD ./Drivers/STM32F4xx_HAL_Driver/Src/stm32f4xx_hal_uart.o
LOAD ./Drivers/STM32F4xx_HAL_Driver/Src/stm32f4xx_it.o
LOAD ./Drivers/dev/src/dev_timer.o
LOAD ./Drivers/dev/src/dev_uart.o
LOAD ./Drivers/dev/src/mpu9250.o
LOAD ./Drivers/dev/src/port.o
START GROUP
LOAD c:/st/stm32cubeide_1.10.1/stm32cubeide/plugins/com.st.stm32cube.ide.mcu.externaltools.gnu-tools-for-stm32.10.3-2021.10.win32_1.0.0.202111181127/tools/bin/../lib/gcc/arm-none-eabi/10.3.1/../../../../arm-none-eabi/lib/thumb/v7e-m+fp/hard\libc_nano.a
LOAD c:/st/stm32cubeide_1.10.1/stm32cubeide/plugins/com.st.stm32cube.ide.mcu.externaltools.gnu-tools-for-stm32.10.3-2021.10.win32_1.0.0.202111181127/tools/bin/../lib/gcc/arm-none-eabi/10.3.1/../../../../arm-none-eabi/lib/thumb/v7e-m+fp/hard\libm.a
END GROUP
START GROUP
LOAD c:/st/stm32cubeide_1.10.1/stm32cubeide/plugins/com.st.stm32cube.ide.mcu.externaltools.gnu-tools-for-stm32.10.3-2021.10.win32_1.0.0.202111181127/tools/bin/../lib/gcc/arm-none-eabi/10.3.1/thumb/v7e-m+fp/hard\libgcc.a
LOAD c:/st/stm32cubeide_1.10.1/stm32cubeide/plugins/com.st.stm32cube.ide.mcu.externaltools.gnu-tools-for-stm32.10.3-2021.10.win32_1.0.0.202111181127/tools/bin/../lib/gcc/arm-none-eabi/10.3.1/../../../../arm-none-eabi/lib/thumb/v7e-m+fp/hard\libc_nano.a
END GROUP
START GROUP
LOAD c:/st/stm32cubeide_1.10.1/stm32cubeide/plugins/com.st.stm32cube.ide.mcu.externaltools.gnu-tools-for-stm32.10.3-2021.10.win32_1.0.0.202111181127/tools/bin/../lib/gcc/arm-none-eabi/10.3.1/thumb/v7e-m+fp/hard\libgcc.a
LOAD c:/st/stm32cubeide_1.10.1/stm32cubeide/plugins/com.st.stm32cube.ide.mcu.externaltools.gnu-tools-for-stm32.10.3-2021.10.win32_1.0.0.202111181127/tools/bin/../lib/gcc/arm-none-eabi/10.3.1/../../../../arm-none-eabi/lib/thumb/v7e-m+fp/hard\libc_nano.a
LOAD c:/st/stm32cubeide_1.10.1/stm32cubeide/plugins/com.st.stm32cube.ide.mcu.externaltools.gnu-tools-for-stm32.10.3-2021.10.win32_1.0.0.202111181127/tools/bin/../lib/gcc/arm-none-eabi/10.3.1/../../../../arm-none-eabi/lib/thumb/v7e-m+fp/hard\libnosys.a
END GROUP
START GROUP
LOAD c:/st/stm32cubeide_1.10.1/stm32cubeide/plugins/com.st.stm32cube.ide.mcu.externaltools.gnu-tools-for-stm32.10.3-2021.10.win32_1.0.0.202111181127/tools/bin/../lib/gcc/arm-none-eabi/10.3.1/thumb/v7e-m+fp/hard\libgcc.a
LOAD c:/st/stm32cubeide_1.10.1/stm32cubeide/plugins/com.st.stm32cube.ide.mcu.externaltools.gnu-tools-for-stm32.10.3-2021.10.win32_1.0.0.202111181127/tools/bin/../lib/gcc/arm-none-eabi/10.3.1/../../../../arm-none-eabi/lib/thumb/v7e-m+fp/hard\libc_nano.a
LOAD c:/st/stm32cubeide_1.10.1/stm32cubeide/plugins/com.st.stm32cube.ide.mcu.externaltools.gnu-tools-for-stm32.10.3-2021.10.win32_1.0.0.202111181127/tools/bin/../lib/gcc/arm-none-eabi/10.3.1/../../../../arm-none-eabi/lib/thumb/v7e-m+fp/hard\libnosys.a
END GROUP
LOAD c:/st/stm32cubeide_1.10.1/stm32cubeide/plugins/com.st.stm32cube.ide.mcu.externaltools.gnu-tools-for-stm32.10.3-2021.10.win32_1.0.0.202111181127/tools/bin/../lib/gcc/arm-none-eabi/10.3.1/thumb/v7e-m+fp/hard/crtend.o
LOAD c:/st/stm32cubeide_1.10.1/stm32cubeide/plugins/com.st.stm32cube.ide.mcu.externaltools.gnu-tools-for-stm32.10.3-2021.10.win32_1.0.0.202111181127/tools/bin/../lib/gcc/arm-none-eabi/10.3.1/thumb/v7e-m+fp/hard/crtn.o
                0x0000000020030000                _estack = (ORIGIN (RAM) + LENGTH (RAM))
                0x0000000000000200                _Min_Heap_Size = 0x200
                0x0000000000000400                _Min_Stack_Size = 0x400

.isr_vector     0x0000000008000000      0x1ac
                0x0000000008000000                . = ALIGN (0x4)
 *(.isr_vector)
 .isr_vector    0x0000000008000000      0x1ac ./Core/Startup/startup_stm32f429zitx.o
                0x0000000008000000                g_pfnVectors
                0x00000000080001ac                . = ALIGN (0x4)

.text           0x00000000080001ac     0x4c68
                0x00000000080001ac                . = ALIGN (0x4)
 *(.text)
 .text          0x00000000080001ac       0x40 c:/st/stm32cubeide_1.10.1/stm32cubeide/plugins/com.st.stm32cube.ide.mcu.externaltools.gnu-tools-for-stm32.10.3-2021.10.win32_1.0.0.202111181127/tools/bin/../lib/gcc/arm-none-eabi/10.3.1/thumb/v7e-m+fp/hard/crtbegin.o
 .text          0x00000000080001ec       0x10 c:/st/stm32cubeide_1.10.1/stm32cubeide/plugins/com.st.stm32cube.ide.mcu.externaltools.gnu-tools-for-stm32.10.3-2021.10.win32_1.0.0.202111181127/tools/bin/../lib/gcc/arm-none-eabi/10.3.1/../../../../arm-none-eabi/lib/thumb/v7e-m+fp/hard\libc_nano.a(lib_a-strlen.o)
                0x00000000080001ec                strlen
 .text          0x00000000080001fc       0x30 c:/st/stm32cubeide_1.10.1/stm32cubeide/plugins/com.st.stm32cube.ide.mcu.externaltools.gnu-tools-for-stm32.10.3-2021.10.win32_1.0.0.202111181127/tools/bin/../lib/gcc/arm-none-eabi/10.3.1/thumb/v7e-m+fp/hard\libgcc.a(_aeabi_uldivmod.o)
                0x00000000080001fc                __aeabi_uldivmod
 .text          0x000000000800022c      0x2d0 c:/st/stm32cubeide_1.10.1/stm32cubeide/plugins/com.st.stm32cube.ide.mcu.externaltools.gnu-tools-for-stm32.10.3-2021.10.win32_1.0.0.202111181127/tools/bin/../lib/gcc/arm-none-eabi/10.3.1/thumb/v7e-m+fp/hard\libgcc.a(_udivmoddi4.o)
                0x000000000800022c                __udivmoddi4
 .text          0x00000000080004fc        0x4 c:/st/stm32cubeide_1.10.1/stm32cubeide/plugins/com.st.stm32cube.ide.mcu.externaltools.gnu-tools-for-stm32.10.3-2021.10.win32_1.0.0.202111181127/tools/bin/../lib/gcc/arm-none-eabi/10.3.1/thumb/v7e-m+fp/hard\libgcc.a(_dvmd_tls.o)
                0x00000000080004fc                __aeabi_idiv0
                0x00000000080004fc                __aeabi_ldiv0
 *(.text*)
 .text.APP_SMInit
                0x0000000008000500       0x38 ./Core/Src/app/app_sm.o
                0x0000000008000500                APP_SMInit
 .text.APP_SMProccess
                0x0000000008000538      0x194 ./Core/Src/app/app_sm.o
                0x0000000008000538                APP_SMProccess
 .text.print_string
                0x00000000080006cc      0x314 ./Core/Src/app/app_sm.o
 .text.main     0x00000000080009e0       0x40 ./Core/Src/main.o
                0x00000000080009e0                main
 .text.SystemClock_Config
                0x0000000008000a20       0xc4 ./Core/Src/main.o
 .text.Error_Handler
                0x0000000008000ae4        0xc ./Core/Src/main.o
 .text.SystemInit
                0x0000000008000af0       0x24 ./Core/Src/system_stm32f4xx.o
                0x0000000008000af0                SystemInit
 .text.Reset_Handler
                0x0000000008000b14       0x50 ./Core/Startup/startup_stm32f429zitx.o
                0x0000000008000b14                Reset_Handler
 .text.Default_Handler
                0x0000000008000b64        0x2 ./Core/Startup/startup_stm32f429zitx.o
                0x0000000008000b64                RTC_Alarm_IRQHandler
                0x0000000008000b64                HASH_RNG_IRQHandler
                0x0000000008000b64                EXTI2_IRQHandler
                0x0000000008000b64                TIM8_CC_IRQHandler
                0x0000000008000b64                UART8_IRQHandler
                0x0000000008000b64                SPI4_IRQHandler
                0x0000000008000b64                TIM1_CC_IRQHandler
                0x0000000008000b64                DMA2_Stream5_IRQHandler
                0x0000000008000b64                DMA1_Stream5_IRQHandler
                0x0000000008000b64                PVD_IRQHandler
                0x0000000008000b64                SDIO_IRQHandler
                0x0000000008000b64                TAMP_STAMP_IRQHandler
                0x0000000008000b64                CAN2_RX1_IRQHandler
                0x0000000008000b64                EXTI3_IRQHandler
                0x0000000008000b64                TIM8_TRG_COM_TIM14_IRQHandler
                0x0000000008000b64                TIM1_UP_TIM10_IRQHandler
                0x0000000008000b64                TIM8_UP_TIM13_IRQHandler
                0x0000000008000b64                I2C3_ER_IRQHandler
                0x0000000008000b64                EXTI0_IRQHandler
                0x0000000008000b64                DMA1_Stream2_IRQHandler
                0x0000000008000b64                CAN1_RX0_IRQHandler
                0x0000000008000b64                FPU_IRQHandler
                0x0000000008000b64                OTG_HS_WKUP_IRQHandler
                0x0000000008000b64                LTDC_ER_IRQHandler
                0x0000000008000b64                CAN2_SCE_IRQHandler
                0x0000000008000b64                DMA2_Stream2_IRQHandler
                0x0000000008000b64                SPI1_IRQHandler
                0x0000000008000b64                TIM6_DAC_IRQHandler
                0x0000000008000b64                TIM1_BRK_TIM9_IRQHandler
                0x0000000008000b64                DCMI_IRQHandler
                0x0000000008000b64                CAN2_RX0_IRQHandler
                0x0000000008000b64                DMA2_Stream3_IRQHandler
                0x0000000008000b64                USART6_IRQHandler
                0x0000000008000b64                USART3_IRQHandler
                0x0000000008000b64                CAN1_RX1_IRQHandler
                0x0000000008000b64                UART5_IRQHandler
                0x0000000008000b64                DMA2_Stream0_IRQHandler
                0x0000000008000b64                TIM4_IRQHandler
                0x0000000008000b64                I2C1_EV_IRQHandler
                0x0000000008000b64                DMA1_Stream6_IRQHandler
                0x0000000008000b64                DMA1_Stream1_IRQHandler
                0x0000000008000b64                UART4_IRQHandler
                0x0000000008000b64                TIM3_IRQHandler
                0x0000000008000b64                RCC_IRQHandler
                0x0000000008000b64                TIM8_BRK_TIM12_IRQHandler
                0x0000000008000b64                Default_Handler
                0x0000000008000b64                EXTI15_10_IRQHandler
                0x0000000008000b64                ADC_IRQHandler
                0x0000000008000b64                DMA1_Stream7_IRQHandler
                0x0000000008000b64                SPI5_IRQHandler
                0x0000000008000b64                TIM7_IRQHandler
                0x0000000008000b64                CAN2_TX_IRQHandler
                0x0000000008000b64                TIM5_IRQHandler
                0x0000000008000b64                DMA2_Stream7_IRQHandler
                0x0000000008000b64                I2C3_EV_IRQHandler
                0x0000000008000b64                EXTI9_5_IRQHandler
                0x0000000008000b64                RTC_WKUP_IRQHandler
                0x0000000008000b64                LTDC_IRQHandler
                0x0000000008000b64                ETH_WKUP_IRQHandler
                0x0000000008000b64                SPI2_IRQHandler
                0x0000000008000b64                OTG_HS_EP1_IN_IRQHandler
                0x0000000008000b64                DMA1_Stream0_IRQHandler
                0x0000000008000b64                CAN1_TX_IRQHandler
                0x0000000008000b64                EXTI4_IRQHandler
                0x0000000008000b64                ETH_IRQHandler
                0x0000000008000b64                OTG_HS_EP1_OUT_IRQHandler
                0x0000000008000b64                WWDG_IRQHandler
                0x0000000008000b64                SPI6_IRQHandler
                0x0000000008000b64                TIM2_IRQHandler
                0x0000000008000b64                OTG_FS_WKUP_IRQHandler
                0x0000000008000b64                TIM1_TRG_COM_TIM11_IRQHandler
                0x0000000008000b64                OTG_HS_IRQHandler
                0x0000000008000b64                DMA2D_IRQHandler
                0x0000000008000b64                EXTI1_IRQHandler
                0x0000000008000b64                UART7_IRQHandler
                0x0000000008000b64                USART2_IRQHandler
                0x0000000008000b64                I2C2_ER_IRQHandler
                0x0000000008000b64                DMA2_Stream1_IRQHandler
                0x0000000008000b64                CAN1_SCE_IRQHandler
                0x0000000008000b64                FLASH_IRQHandler
                0x0000000008000b64                DMA2_Stream4_IRQHandler
                0x0000000008000b64                USART1_IRQHandler
                0x0000000008000b64                OTG_FS_IRQHandler
                0x0000000008000b64                SPI3_IRQHandler
                0x0000000008000b64                DMA1_Stream4_IRQHandler
                0x0000000008000b64                I2C1_ER_IRQHandler
                0x0000000008000b64                FMC_IRQHandler
                0x0000000008000b64                DMA2_Stream6_IRQHandler
                0x0000000008000b64                SAI1_IRQHandler
                0x0000000008000b64                DMA1_Stream3_IRQHandler
 *fill*         0x0000000008000b66        0x2 
 .text.BSP_LED_Init
                0x0000000008000b68       0xa0 ./Drivers/BSP/STM32F4xx_Nucleo_144/stm32f4xx_nucleo_144.o
                0x0000000008000b68                BSP_LED_Init
 .text.BSP_LED_On
                0x0000000008000c08       0x34 ./Drivers/BSP/STM32F4xx_Nucleo_144/stm32f4xx_nucleo_144.o
                0x0000000008000c08                BSP_LED_On
 .text.HAL_Init
                0x0000000008000c3c       0x44 ./Drivers/STM32F4xx_HAL_Driver/Src/stm32f4xx_hal.o
                0x0000000008000c3c                HAL_Init
 .text.HAL_InitTick
                0x0000000008000c80       0x60 ./Drivers/STM32F4xx_HAL_Driver/Src/stm32f4xx_hal.o
                0x0000000008000c80                HAL_InitTick
 .text.HAL_IncTick
                0x0000000008000ce0       0x28 ./Drivers/STM32F4xx_HAL_Driver/Src/stm32f4xx_hal.o
                0x0000000008000ce0                HAL_IncTick
 .text.HAL_GetTick
                0x0000000008000d08       0x18 ./Drivers/STM32F4xx_HAL_Driver/Src/stm32f4xx_hal.o
                0x0000000008000d08                HAL_GetTick
 .text.__NVIC_SetPriorityGrouping
                0x0000000008000d20       0x48 ./Drivers/STM32F4xx_HAL_Driver/Src/stm32f4xx_hal_cortex.o
 .text.__NVIC_GetPriorityGrouping
                0x0000000008000d68       0x1c ./Drivers/STM32F4xx_HAL_Driver/Src/stm32f4xx_hal_cortex.o
 .text.__NVIC_EnableIRQ
                0x0000000008000d84       0x3c ./Drivers/STM32F4xx_HAL_Driver/Src/stm32f4xx_hal_cortex.o
 .text.__NVIC_SetPriority
                0x0000000008000dc0       0x54 ./Drivers/STM32F4xx_HAL_Driver/Src/stm32f4xx_hal_cortex.o
 .text.NVIC_EncodePriority
                0x0000000008000e14       0x66 ./Drivers/STM32F4xx_HAL_Driver/Src/stm32f4xx_hal_cortex.o
 *fill*         0x0000000008000e7a        0x2 
 .text.SysTick_Config
                0x0000000008000e7c       0x44 ./Drivers/STM32F4xx_HAL_Driver/Src/stm32f4xx_hal_cortex.o
 .text.HAL_NVIC_SetPriorityGrouping
                0x0000000008000ec0       0x16 ./Drivers/STM32F4xx_HAL_Driver/Src/stm32f4xx_hal_cortex.o
                0x0000000008000ec0                HAL_NVIC_SetPriorityGrouping
 .text.HAL_NVIC_SetPriority
                0x0000000008000ed6       0x38 ./Drivers/STM32F4xx_HAL_Driver/Src/stm32f4xx_hal_cortex.o
                0x0000000008000ed6                HAL_NVIC_SetPriority
 .text.HAL_NVIC_EnableIRQ
                0x0000000008000f0e       0x1c ./Drivers/STM32F4xx_HAL_Driver/Src/stm32f4xx_hal_cortex.o
                0x0000000008000f0e                HAL_NVIC_EnableIRQ
 .text.HAL_SYSTICK_Config
                0x0000000008000f2a       0x18 ./Drivers/STM32F4xx_HAL_Driver/Src/stm32f4xx_hal_cortex.o
                0x0000000008000f2a                HAL_SYSTICK_Config
 .text.HAL_DMA_Abort_IT
                0x0000000008000f42       0x44 ./Drivers/STM32F4xx_HAL_Driver/Src/stm32f4xx_hal_dma.o
                0x0000000008000f42                HAL_DMA_Abort_IT
 .text.HAL_DMA_GetState
                0x0000000008000f86       0x1c ./Drivers/STM32F4xx_HAL_Driver/Src/stm32f4xx_hal_dma.o
                0x0000000008000f86                HAL_DMA_GetState
 *fill*         0x0000000008000fa2        0x2 
 .text.HAL_GPIO_Init
                0x0000000008000fa4      0x358 ./Drivers/STM32F4xx_HAL_Driver/Src/stm32f4xx_hal_gpio.o
                0x0000000008000fa4                HAL_GPIO_Init
 .text.HAL_GPIO_WritePin
                0x00000000080012fc       0x32 ./Drivers/STM32F4xx_HAL_Driver/Src/stm32f4xx_hal_gpio.o
                0x00000000080012fc                HAL_GPIO_WritePin
 *fill*         0x000000000800132e        0x2 
 .text.HAL_I2C_Init
                0x0000000008001330      0x288 ./Drivers/STM32F4xx_HAL_Driver/Src/stm32f4xx_hal_i2c.o
                0x0000000008001330                HAL_I2C_Init
 .text.HAL_I2C_Master_Transmit_IT
                0x00000000080015b8      0x14c ./Drivers/STM32F4xx_HAL_Driver/Src/stm32f4xx_hal_i2c.o
                0x00000000080015b8                HAL_I2C_Master_Transmit_IT
 .text.HAL_I2C_Master_Receive_IT
                0x0000000008001704      0x15c ./Drivers/STM32F4xx_HAL_Driver/Src/stm32f4xx_hal_i2c.o
                0x0000000008001704                HAL_I2C_Master_Receive_IT
 .text.HAL_I2C_IsDeviceReady
                0x0000000008001860      0x25c ./Drivers/STM32F4xx_HAL_Driver/Src/stm32f4xx_hal_i2c.o
                0x0000000008001860                HAL_I2C_IsDeviceReady
 .text.HAL_I2C_EV_IRQHandler
                0x0000000008001abc      0x2e2 ./Drivers/STM32F4xx_HAL_Driver/Src/stm32f4xx_hal_i2c.o
                0x0000000008001abc                HAL_I2C_EV_IRQHandler
 .text.HAL_I2C_MasterTxCpltCallback
                0x0000000008001d9e       0x14 ./Drivers/STM32F4xx_HAL_Driver/Src/stm32f4xx_hal_i2c.o
                0x0000000008001d9e                HAL_I2C_MasterTxCpltCallback
 .text.HAL_I2C_MasterRxCpltCallback
                0x0000000008001db2       0x14 ./Drivers/STM32F4xx_HAL_Driver/Src/stm32f4xx_hal_i2c.o
                0x0000000008001db2                HAL_I2C_MasterRxCpltCallback
 .text.HAL_I2C_SlaveTxCpltCallback
                0x0000000008001dc6       0x14 ./Drivers/STM32F4xx_HAL_Driver/Src/stm32f4xx_hal_i2c.o
                0x0000000008001dc6                HAL_I2C_SlaveTxCpltCallback
 .text.HAL_I2C_SlaveRxCpltCallback
                0x0000000008001dda       0x14 ./Drivers/STM32F4xx_HAL_Driver/Src/stm32f4xx_hal_i2c.o
                0x0000000008001dda                HAL_I2C_SlaveRxCpltCallback
 .text.HAL_I2C_AddrCallback
                0x0000000008001dee       0x1c ./Drivers/STM32F4xx_HAL_Driver/Src/stm32f4xx_hal_i2c.o
                0x0000000008001dee                HAL_I2C_AddrCallback
 .text.HAL_I2C_ListenCpltCallback
                0x0000000008001e0a       0x14 ./Drivers/STM32F4xx_HAL_Driver/Src/stm32f4xx_hal_i2c.o
                0x0000000008001e0a                HAL_I2C_ListenCpltCallback
 .text.HAL_I2C_MemTxCpltCallback
                0x0000000008001e1e       0x14 ./Drivers/STM32F4xx_HAL_Driver/Src/stm32f4xx_hal_i2c.o
                0x0000000008001e1e                HAL_I2C_MemTxCpltCallback
 .text.HAL_I2C_MemRxCpltCallback
                0x0000000008001e32       0x14 ./Drivers/STM32F4xx_HAL_Driver/Src/stm32f4xx_hal_i2c.o
                0x0000000008001e32                HAL_I2C_MemRxCpltCallback
 .text.HAL_I2C_ErrorCallback
                0x0000000008001e46       0x14 ./Drivers/STM32F4xx_HAL_Driver/Src/stm32f4xx_hal_i2c.o
                0x0000000008001e46                HAL_I2C_ErrorCallback
 .text.HAL_I2C_AbortCpltCallback
                0x0000000008001e5a       0x14 ./Drivers/STM32F4xx_HAL_Driver/Src/stm32f4xx_hal_i2c.o
                0x0000000008001e5a                HAL_I2C_AbortCpltCallback
 .text.I2C_MasterTransmit_TXE
                0x0000000008001e6e      0x138 ./Drivers/STM32F4xx_HAL_Driver/Src/stm32f4xx_hal_i2c.o
 .text.I2C_MasterTransmit_BTF
                0x0000000008001fa6       0xec ./Drivers/STM32F4xx_HAL_Driver/Src/stm32f4xx_hal_i2c.o
 .text.I2C_MemoryTransmit_TXE_BTF
                0x0000000008002092      0x128 ./Drivers/STM32F4xx_HAL_Driver/Src/stm32f4xx_hal_i2c.o
 .text.I2C_MasterReceive_RXNE
                0x00000000080021ba      0x176 ./Drivers/STM32F4xx_HAL_Driver/Src/stm32f4xx_hal_i2c.o
 .text.I2C_MasterReceive_BTF
                0x0000000008002330      0x1d4 ./Drivers/STM32F4xx_HAL_Driver/Src/stm32f4xx_hal_i2c.o
 .text.I2C_Master_SB
                0x0000000008002504      0x10c ./Drivers/STM32F4xx_HAL_Driver/Src/stm32f4xx_hal_i2c.o
 .text.I2C_Master_ADD10
                0x0000000008002610       0x54 ./Drivers/STM32F4xx_HAL_Driver/Src/stm32f4xx_hal_i2c.o
 .text.I2C_Master_ADDR
                0x0000000008002664      0x322 ./Drivers/STM32F4xx_HAL_Driver/Src/stm32f4xx_hal_i2c.o
 .text.I2C_SlaveTransmit_TXE
                0x0000000008002986       0x7a ./Drivers/STM32F4xx_HAL_Driver/Src/stm32f4xx_hal_i2c.o
 .text.I2C_SlaveTransmit_BTF
                0x0000000008002a00       0x42 ./Drivers/STM32F4xx_HAL_Driver/Src/stm32f4xx_hal_i2c.o
 .text.I2C_SlaveReceive_RXNE
                0x0000000008002a42       0x7c ./Drivers/STM32F4xx_HAL_Driver/Src/stm32f4xx_hal_i2c.o
 .text.I2C_SlaveReceive_BTF
                0x0000000008002abe       0x44 ./Drivers/STM32F4xx_HAL_Driver/Src/stm32f4xx_hal_i2c.o
 .text.I2C_Slave_ADDR
                0x0000000008002b02       0x94 ./Drivers/STM32F4xx_HAL_Driver/Src/stm32f4xx_hal_i2c.o
 *fill*         0x0000000008002b96        0x2 
 .text.I2C_Slave_STOPF
                0x0000000008002b98      0x260 ./Drivers/STM32F4xx_HAL_Driver/Src/stm32f4xx_hal_i2c.o
 .text.I2C_ITError
                0x0000000008002df8      0x264 ./Drivers/STM32F4xx_HAL_Driver/Src/stm32f4xx_hal_i2c.o
 .text.I2C_DMAAbort
                0x000000000800305c      0x150 ./Drivers/STM32F4xx_HAL_Driver/Src/stm32f4xx_hal_i2c.o
 .text.I2C_WaitOnFlagUntilTimeout
                0x00000000080031ac       0xae ./Drivers/STM32F4xx_HAL_Driver/Src/stm32f4xx_hal_i2c.o
 *fill*         0x000000000800325a        0x2 
 .text.I2C_WaitOnSTOPRequestThroughIT
                0x000000000800325c       0x64 ./Drivers/STM32F4xx_HAL_Driver/Src/stm32f4xx_hal_i2c.o
 .text.I2C_ConvertOtherXferOptions
                0x00000000080032c0       0x36 ./Drivers/STM32F4xx_HAL_Driver/Src/stm32f4xx_hal_i2c.o
 *fill*         0x00000000080032f6        0x2 
 .text.HAL_MspInit
                0x00000000080032f8       0x50 ./Drivers/STM32F4xx_HAL_Driver/Src/stm32f4xx_hal_msp.o
                0x00000000080032f8                HAL_MspInit
 .text.HAL_I2C_MspInit
                0x0000000008003348       0xa0 ./Drivers/STM32F4xx_HAL_Driver/Src/stm32f4xx_hal_msp.o
                0x0000000008003348                HAL_I2C_MspInit
 .text.HAL_UART_MspInit
                0x00000000080033e8       0x90 ./Drivers/STM32F4xx_HAL_Driver/Src/stm32f4xx_hal_msp.o
                0x00000000080033e8                HAL_UART_MspInit
 .text.HAL_PWREx_EnableOverDrive
                0x0000000008003478       0xa0 ./Drivers/STM32F4xx_HAL_Driver/Src/stm32f4xx_hal_pwr_ex.o
                0x0000000008003478                HAL_PWREx_EnableOverDrive
 .text.HAL_RCC_OscConfig
                0x0000000008003518      0x4f0 ./Drivers/STM32F4xx_HAL_Driver/Src/stm32f4xx_hal_rcc.o
                0x0000000008003518                HAL_RCC_OscConfig
 .text.HAL_RCC_ClockConfig
                0x0000000008003a08      0x1cc ./Drivers/STM32F4xx_HAL_Driver/Src/stm32f4xx_hal_rcc.o
                0x0000000008003a08                HAL_RCC_ClockConfig
 .text.HAL_RCC_GetSysClockFreq
                0x0000000008003bd4      0x20c ./Drivers/STM32F4xx_HAL_Driver/Src/stm32f4xx_hal_rcc.o
                0x0000000008003bd4                HAL_RCC_GetSysClockFreq
 .text.HAL_RCC_GetHCLKFreq
                0x0000000008003de0       0x18 ./Drivers/STM32F4xx_HAL_Driver/Src/stm32f4xx_hal_rcc.o
                0x0000000008003de0                HAL_RCC_GetHCLKFreq
 .text.HAL_RCC_GetPCLK1Freq
                0x0000000008003df8       0x28 ./Drivers/STM32F4xx_HAL_Driver/Src/stm32f4xx_hal_rcc.o
                0x0000000008003df8                HAL_RCC_GetPCLK1Freq
 .text.HAL_RCC_GetPCLK2Freq
                0x0000000008003e20       0x28 ./Drivers/STM32F4xx_HAL_Driver/Src/stm32f4xx_hal_rcc.o
                0x0000000008003e20                HAL_RCC_GetPCLK2Freq
 .text.HAL_UART_Init
                0x0000000008003e48       0x9a ./Drivers/STM32F4xx_HAL_Driver/Src/stm32f4xx_hal_uart.o
                0x0000000008003e48                HAL_UART_Init
 .text.HAL_UART_Transmit
                0x0000000008003ee2      0x124 ./Drivers/STM32F4xx_HAL_Driver/Src/stm32f4xx_hal_uart.o
                0x0000000008003ee2                HAL_UART_Transmit
 .text.UART_WaitOnFlagUntilTimeout
                0x0000000008004006       0xdc ./Drivers/STM32F4xx_HAL_Driver/Src/stm32f4xx_hal_uart.o
 *fill*         0x00000000080040e2        0x2 
 .text.UART_SetConfig
                0x00000000080040e4      0x4e8 ./Drivers/STM32F4xx_HAL_Driver/Src/stm32f4xx_hal_uart.o
 .text.NMI_Handler
                0x00000000080045cc        0x6 ./Drivers/STM32F4xx_HAL_Driver/Src/stm32f4xx_it.o
                0x00000000080045cc                NMI_Handler
 .text.HardFault_Handler
                0x00000000080045d2        0x6 ./Drivers/STM32F4xx_HAL_Driver/Src/stm32f4xx_it.o
                0x00000000080045d2                HardFault_Handler
 .text.MemManage_Handler
                0x00000000080045d8        0x6 ./Drivers/STM32F4xx_HAL_Driver/Src/stm32f4xx_it.o
                0x00000000080045d8                MemManage_Handler
 .text.BusFault_Handler
                0x00000000080045de        0x6 ./Drivers/STM32F4xx_HAL_Driver/Src/stm32f4xx_it.o
                0x00000000080045de                BusFault_Handler
 .text.UsageFault_Handler
                0x00000000080045e4        0x6 ./Drivers/STM32F4xx_HAL_Driver/Src/stm32f4xx_it.o
                0x00000000080045e4                UsageFault_Handler
 .text.SVC_Handler
                0x00000000080045ea        0xe ./Drivers/STM32F4xx_HAL_Driver/Src/stm32f4xx_it.o
                0x00000000080045ea                SVC_Handler
 .text.DebugMon_Handler
                0x00000000080045f8        0xe ./Drivers/STM32F4xx_HAL_Driver/Src/stm32f4xx_it.o
                0x00000000080045f8                DebugMon_Handler
 .text.PendSV_Handler
                0x0000000008004606        0xe ./Drivers/STM32F4xx_HAL_Driver/Src/stm32f4xx_it.o
                0x0000000008004606                PendSV_Handler
 .text.SysTick_Handler
                0x0000000008004614        0xc ./Drivers/STM32F4xx_HAL_Driver/Src/stm32f4xx_it.o
                0x0000000008004614                SysTick_Handler
 .text.I2C2_EV_IRQHandler
                0x0000000008004620       0x14 ./Drivers/STM32F4xx_HAL_Driver/Src/stm32f4xx_it.o
                0x0000000008004620                I2C2_EV_IRQHandler
 .text.DEV_TimerInit
                0x0000000008004634       0x48 ./Drivers/dev/src/dev_timer.o
                0x0000000008004634                DEV_TimerInit
 .text.DEV_TimerRead
                0x000000000800467c       0x6a ./Drivers/dev/src/dev_timer.o
                0x000000000800467c                DEV_TimerRead
 *fill*         0x00000000080046e6        0x2 
 .text.DEV_UARTSendChar
                0x00000000080046e8       0x34 ./Drivers/dev/src/dev_uart.o
                0x00000000080046e8                DEV_UARTSendChar
 .text.DEV_UARTSendStringSize
                0x000000000800471c       0x40 ./Drivers/dev/src/dev_uart.o
                0x000000000800471c                DEV_UARTSendStringSize
 .text.DEV_UARTInit
                0x000000000800475c       0x90 ./Drivers/dev/src/dev_uart.o
                0x000000000800475c                DEV_UARTInit
 .text.APP_MPU9250Write
                0x00000000080047ec       0x5e ./Drivers/dev/src/mpu9250.o
                0x00000000080047ec                APP_MPU9250Write
 .text.APP_MPU9250Read
                0x000000000800484a       0x5e ./Drivers/dev/src/mpu9250.o
                0x000000000800484a                APP_MPU9250Read
 .text.APP_MPU9250Init
                0x00000000080048a8       0xc4 ./Drivers/dev/src/mpu9250.o
                0x00000000080048a8                APP_MPU9250Init
 .text.APP_MPU9250ReadGyro
                0x000000000800496c       0xb0 ./Drivers/dev/src/mpu9250.o
                0x000000000800496c                APP_MPU9250ReadGyro
 .text.APP_MPU9250ReadAccl
                0x0000000008004a1c       0xb0 ./Drivers/dev/src/mpu9250.o
                0x0000000008004a1c                APP_MPU9250ReadAccl
 .text.APP_MPU9250ReadTemp
                0x0000000008004acc       0x46 ./Drivers/dev/src/mpu9250.o
                0x0000000008004acc                APP_MPU9250ReadTemp
 .text.gyro_convert
                0x0000000008004b12       0x24 ./Drivers/dev/src/mpu9250.o
 .text.accl_convert
                0x0000000008004b36       0x24 ./Drivers/dev/src/mpu9250.o
 *fill*         0x0000000008004b5a        0x2 
 .text.temp_convert
                0x0000000008004b5c       0x3c ./Drivers/dev/src/mpu9250.o
 .text.DEV_I2CInit
                0x0000000008004b98       0x64 ./Drivers/dev/src/port.o
                0x0000000008004b98                DEV_I2CInit
 .text.DEV_I2CWrite
                0x0000000008004bfc       0x50 ./Drivers/dev/src/port.o
                0x0000000008004bfc                DEV_I2CWrite
 .text.DEV_I2CRead
                0x0000000008004c4c       0x50 ./Drivers/dev/src/port.o
                0x0000000008004c4c                DEV_I2CRead
 .text.DEV_I2CIsReady
                0x0000000008004c9c       0x30 ./Drivers/dev/src/port.o
                0x0000000008004c9c                DEV_I2CIsReady
 .text.__libc_init_array
                0x0000000008004ccc       0x48 c:/st/stm32cubeide_1.10.1/stm32cubeide/plugins/com.st.stm32cube.ide.mcu.externaltools.gnu-tools-for-stm32.10.3-2021.10.win32_1.0.0.202111181127/tools/bin/../lib/gcc/arm-none-eabi/10.3.1/../../../../arm-none-eabi/lib/thumb/v7e-m+fp/hard\libc_nano.a(lib_a-init.o)
                0x0000000008004ccc                __libc_init_array
 .text.__itoa   0x0000000008004d14       0x30 c:/st/stm32cubeide_1.10.1/stm32cubeide/plugins/com.st.stm32cube.ide.mcu.externaltools.gnu-tools-for-stm32.10.3-2021.10.win32_1.0.0.202111181127/tools/bin/../lib/gcc/arm-none-eabi/10.3.1/../../../../arm-none-eabi/lib/thumb/v7e-m+fp/hard\libc_nano.a(lib_a-itoa.o)
                0x0000000008004d14                __itoa
 .text.itoa     0x0000000008004d44        0x4 c:/st/stm32cubeide_1.10.1/stm32cubeide/plugins/com.st.stm32cube.ide.mcu.externaltools.gnu-tools-for-stm32.10.3-2021.10.win32_1.0.0.202111181127/tools/bin/../lib/gcc/arm-none-eabi/10.3.1/../../../../arm-none-eabi/lib/thumb/v7e-m+fp/hard\libc_nano.a(lib_a-itoa.o)
                0x0000000008004d44                itoa
 .text.memset   0x0000000008004d48       0x10 c:/st/stm32cubeide_1.10.1/stm32cubeide/plugins/com.st.stm32cube.ide.mcu.externaltools.gnu-tools-for-stm32.10.3-2021.10.win32_1.0.0.202111181127/tools/bin/../lib/gcc/arm-none-eabi/10.3.1/../../../../arm-none-eabi/lib/thumb/v7e-m+fp/hard\libc_nano.a(lib_a-memset.o)
                0x0000000008004d48                memset
 .text.strcat   0x0000000008004d58       0x1e c:/st/stm32cubeide_1.10.1/stm32cubeide/plugins/com.st.stm32cube.ide.mcu.externaltools.gnu-tools-for-stm32.10.3-2021.10.win32_1.0.0.202111181127/tools/bin/../lib/gcc/arm-none-eabi/10.3.1/../../../../arm-none-eabi/lib/thumb/v7e-m+fp/hard\libc_nano.a(lib_a-strcat.o)
                0x0000000008004d58                strcat
 *fill*         0x0000000008004d76        0x2 
 .text.__utoa   0x0000000008004d78       0x84 c:/st/stm32cubeide_1.10.1/stm32cubeide/plugins/com.st.stm32cube.ide.mcu.externaltools.gnu-tools-for-stm32.10.3-2021.10.win32_1.0.0.202111181127/tools/bin/../lib/gcc/arm-none-eabi/10.3.1/../../../../arm-none-eabi/lib/thumb/v7e-m+fp/hard\libc_nano.a(lib_a-utoa.o)
                0x0000000008004d78                __utoa
 *(.glue_7)
 .glue_7        0x0000000008004dfc        0x0 linker stubs
 *(.glue_7t)
 .glue_7t       0x0000000008004dfc        0x0 linker stubs
 *(.eh_frame)
 .eh_frame      0x0000000008004dfc        0x0 c:/st/stm32cubeide_1.10.1/stm32cubeide/plugins/com.st.stm32cube.ide.mcu.externaltools.gnu-tools-for-stm32.10.3-2021.10.win32_1.0.0.202111181127/tools/bin/../lib/gcc/arm-none-eabi/10.3.1/thumb/v7e-m+fp/hard/crtbegin.o
 *(.init)
 .init          0x0000000008004dfc        0x4 c:/st/stm32cubeide_1.10.1/stm32cubeide/plugins/com.st.stm32cube.ide.mcu.externaltools.gnu-tools-for-stm32.10.3-2021.10.win32_1.0.0.202111181127/tools/bin/../lib/gcc/arm-none-eabi/10.3.1/thumb/v7e-m+fp/hard/crti.o
                0x0000000008004dfc                _init
 .init          0x0000000008004e00        0x8 c:/st/stm32cubeide_1.10.1/stm32cubeide/plugins/com.st.stm32cube.ide.mcu.externaltools.gnu-tools-for-stm32.10.3-2021.10.win32_1.0.0.202111181127/tools/bin/../lib/gcc/arm-none-eabi/10.3.1/thumb/v7e-m+fp/hard/crtn.o
 *(.fini)
 .fini          0x0000000008004e08        0x4 c:/st/stm32cubeide_1.10.1/stm32cubeide/plugins/com.st.stm32cube.ide.mcu.externaltools.gnu-tools-for-stm32.10.3-2021.10.win32_1.0.0.202111181127/tools/bin/../lib/gcc/arm-none-eabi/10.3.1/thumb/v7e-m+fp/hard/crti.o
                0x0000000008004e08                _fini
 .fini          0x0000000008004e0c        0x8 c:/st/stm32cubeide_1.10.1/stm32cubeide/plugins/com.st.stm32cube.ide.mcu.externaltools.gnu-tools-for-stm32.10.3-2021.10.win32_1.0.0.202111181127/tools/bin/../lib/gcc/arm-none-eabi/10.3.1/thumb/v7e-m+fp/hard/crtn.o
                0x0000000008004e14                . = ALIGN (0x4)
                0x0000000008004e14                _etext = .

.vfp11_veneer   0x0000000008004e14        0x0
 .vfp11_veneer  0x0000000008004e14        0x0 linker stubs

.v4_bx          0x0000000008004e14        0x0
 .v4_bx         0x0000000008004e14        0x0 linker stubs

.iplt           0x0000000008004e14        0x0
 .iplt          0x0000000008004e14        0x0 c:/st/stm32cubeide_1.10.1/stm32cubeide/plugins/com.st.stm32cube.ide.mcu.externaltools.gnu-tools-for-stm32.10.3-2021.10.win32_1.0.0.202111181127/tools/bin/../lib/gcc/arm-none-eabi/10.3.1/thumb/v7e-m+fp/hard/crtbegin.o

.rodata         0x0000000008004e14       0xc8
                0x0000000008004e14                . = ALIGN (0x4)
 *(.rodata)
 .rodata        0x0000000008004e14       0x6e ./Core/Src/app/app_sm.o
 *fill*         0x0000000008004e82        0x2 
 .rodata        0x0000000008004e84       0x13 ./Drivers/dev/src/dev_uart.o
 *(.rodata*)
 *fill*         0x0000000008004e97        0x1 
 .rodata.AHBPrescTable
                0x0000000008004e98       0x10 ./Core/Src/system_stm32f4xx.o
                0x0000000008004e98                AHBPrescTable
 .rodata.APBPrescTable
                0x0000000008004ea8        0x8 ./Core/Src/system_stm32f4xx.o
                0x0000000008004ea8                APBPrescTable
 .rodata.GPIO_PIN
                0x0000000008004eb0        0x6 ./Drivers/BSP/STM32F4xx_Nucleo_144/stm32f4xx_nucleo_144.o
                0x0000000008004eb0                GPIO_PIN
 .rodata.__utoa.str1.1
                0x0000000008004eb6       0x25 c:/st/stm32cubeide_1.10.1/stm32cubeide/plugins/com.st.stm32cube.ide.mcu.externaltools.gnu-tools-for-stm32.10.3-2021.10.win32_1.0.0.202111181127/tools/bin/../lib/gcc/arm-none-eabi/10.3.1/../../../../arm-none-eabi/lib/thumb/v7e-m+fp/hard\libc_nano.a(lib_a-utoa.o)
                0x0000000008004edc                . = ALIGN (0x4)
 *fill*         0x0000000008004edb        0x1 

.ARM.extab      0x0000000008004edc        0x0
                0x0000000008004edc                . = ALIGN (0x4)
 *(.ARM.extab* .gnu.linkonce.armextab.*)
                0x0000000008004edc                . = ALIGN (0x4)

.ARM            0x0000000008004edc        0x8
                0x0000000008004edc                . = ALIGN (0x4)
                0x0000000008004edc                __exidx_start = .
 *(.ARM.exidx*)
 .ARM.exidx     0x0000000008004edc        0x8 c:/st/stm32cubeide_1.10.1/stm32cubeide/plugins/com.st.stm32cube.ide.mcu.externaltools.gnu-tools-for-stm32.10.3-2021.10.win32_1.0.0.202111181127/tools/bin/../lib/gcc/arm-none-eabi/10.3.1/thumb/v7e-m+fp/hard\libgcc.a(_udivmoddi4.o)
                0x0000000008004ee4                __exidx_end = .
                0x0000000008004ee4                . = ALIGN (0x4)

.rel.dyn        0x0000000008004ee4        0x0
 .rel.iplt      0x0000000008004ee4        0x0 c:/st/stm32cubeide_1.10.1/stm32cubeide/plugins/com.st.stm32cube.ide.mcu.externaltools.gnu-tools-for-stm32.10.3-2021.10.win32_1.0.0.202111181127/tools/bin/../lib/gcc/arm-none-eabi/10.3.1/thumb/v7e-m+fp/hard/crtbegin.o

.preinit_array  0x0000000008004ee4        0x0
                0x0000000008004ee4                . = ALIGN (0x4)
                0x0000000008004ee4                PROVIDE (__preinit_array_start = .)
 *(.preinit_array*)
                0x0000000008004ee4                PROVIDE (__preinit_array_end = .)
                0x0000000008004ee4                . = ALIGN (0x4)

.init_array     0x0000000008004ee4        0x4
                0x0000000008004ee4                . = ALIGN (0x4)
                0x0000000008004ee4                PROVIDE (__init_array_start = .)
 *(SORT_BY_NAME(.init_array.*))
 *(.init_array*)
 .init_array    0x0000000008004ee4        0x4 c:/st/stm32cubeide_1.10.1/stm32cubeide/plugins/com.st.stm32cube.ide.mcu.externaltools.gnu-tools-for-stm32.10.3-2021.10.win32_1.0.0.202111181127/tools/bin/../lib/gcc/arm-none-eabi/10.3.1/thumb/v7e-m+fp/hard/crtbegin.o
                0x0000000008004ee8                PROVIDE (__init_array_end = .)
                0x0000000008004ee8                . = ALIGN (0x4)

.fini_array     0x0000000008004ee8        0x4
                0x0000000008004ee8                . = ALIGN (0x4)
                [!provide]                        PROVIDE (__fini_array_start = .)
 *(SORT_BY_NAME(.fini_array.*))
 *(.fini_array*)
 .fini_array    0x0000000008004ee8        0x4 c:/st/stm32cubeide_1.10.1/stm32cubeide/plugins/com.st.stm32cube.ide.mcu.externaltools.gnu-tools-for-stm32.10.3-2021.10.win32_1.0.0.202111181127/tools/bin/../lib/gcc/arm-none-eabi/10.3.1/thumb/v7e-m+fp/hard/crtbegin.o
                [!provide]                        PROVIDE (__fini_array_end = .)
                0x0000000008004eec                . = ALIGN (0x4)
                0x0000000008004eec                _sidata = LOADADDR (.data)

.data           0x0000000020000000       0x18 load address 0x0000000008004eec
                0x0000000020000000                . = ALIGN (0x4)
                0x0000000020000000                _sdata = .
 *(.data)
 *(.data*)
 .data.SystemCoreClock
                0x0000000020000000        0x4 ./Core/Src/system_stm32f4xx.o
                0x0000000020000000                SystemCoreClock
 .data.GPIO_PORT
                0x0000000020000004        0xc ./Drivers/BSP/STM32F4xx_Nucleo_144/stm32f4xx_nucleo_144.o
                0x0000000020000004                GPIO_PORT
 .data.uwTickPrio
                0x0000000020000010        0x4 ./Drivers/STM32F4xx_HAL_Driver/Src/stm32f4xx_hal.o
                0x0000000020000010                uwTickPrio
 .data.uwTickFreq
                0x0000000020000014        0x1 ./Drivers/STM32F4xx_HAL_Driver/Src/stm32f4xx_hal.o
                0x0000000020000014                uwTickFreq
 *(.RamFunc)
 *(.RamFunc*)
                0x0000000020000018                . = ALIGN (0x4)
 *fill*         0x0000000020000015        0x3 
                0x0000000020000018                _edata = .
                0x0000000008004f04                _siccmram = LOADADDR (.ccmram)

.igot.plt       0x0000000020000018        0x0 load address 0x0000000008004f04
 .igot.plt      0x0000000020000018        0x0 c:/st/stm32cubeide_1.10.1/stm32cubeide/plugins/com.st.stm32cube.ide.mcu.externaltools.gnu-tools-for-stm32.10.3-2021.10.win32_1.0.0.202111181127/tools/bin/../lib/gcc/arm-none-eabi/10.3.1/thumb/v7e-m+fp/hard/crtbegin.o

.ccmram         0x0000000010000000        0x0 load address 0x0000000008004f04
                0x0000000010000000                . = ALIGN (0x4)
                0x0000000010000000                _sccmram = .
 *(.ccmram)
 *(.ccmram*)
                0x0000000010000000                . = ALIGN (0x4)
                0x0000000010000000                _eccmram = .
                0x0000000010000000                . = ALIGN (0x4)

.bss            0x0000000020000018       0xd8
                0x0000000020000018                _sbss = .
                0x0000000020000018                __bss_start__ = _sbss
 *(.bss)
 .bss           0x0000000020000018       0x1c c:/st/stm32cubeide_1.10.1/stm32cubeide/plugins/com.st.stm32cube.ide.mcu.externaltools.gnu-tools-for-stm32.10.3-2021.10.win32_1.0.0.202111181127/tools/bin/../lib/gcc/arm-none-eabi/10.3.1/thumb/v7e-m+fp/hard/crtbegin.o
 *(.bss*)
 .bss.states    0x0000000020000034        0x1 ./Core/Src/app/app_sm.o
                0x0000000020000034                states
 .bss.new_state
                0x0000000020000035        0x1 ./Core/Src/app/app_sm.o
                0x0000000020000035                new_state
 *fill*         0x0000000020000036        0x2 
 .bss.read_buff
                0x0000000020000038        0xe ./Core/Src/app/app_sm.o
                0x0000000020000038                read_buff
 *fill*         0x0000000020000046        0x2 
 .bss.idle      0x0000000020000048        0xc ./Core/Src/app/app_sm.o
                0x0000000020000048                idle
 .bss.uwTick    0x0000000020000054        0x4 ./Drivers/STM32F4xx_HAL_Driver/Src/stm32f4xx_hal.o
                0x0000000020000054                uwTick
 .bss.huart     0x0000000020000058       0x44 ./Drivers/dev/src/dev_uart.o
                0x0000000020000058                huart
 .bss.hi2c      0x000000002000009c       0x54 ./Drivers/dev/src/port.o
                0x000000002000009c                hi2c
 *(COMMON)
                0x00000000200000f0                . = ALIGN (0x4)
                0x00000000200000f0                _ebss = .
                0x00000000200000f0                __bss_end__ = _ebss

._user_heap_stack
                0x00000000200000f0      0x600
                0x00000000200000f0                . = ALIGN (0x8)
                [!provide]                        PROVIDE (end = .)
                0x00000000200000f0                PROVIDE (_end = .)
                0x00000000200002f0                . = (. + _Min_Heap_Size)
 *fill*         0x00000000200000f0      0x200 
                0x00000000200006f0                . = (. + _Min_Stack_Size)
 *fill*         0x00000000200002f0      0x400 
                0x00000000200006f0                . = ALIGN (0x8)

/DISCARD/
 libc.a(*)
 libm.a(*)
 libgcc.a(*)

.ARM.attributes
                0x0000000000000000       0x30
 *(.ARM.attributes)
 .ARM.attributes
                0x0000000000000000       0x1e c:/st/stm32cubeide_1.10.1/stm32cubeide/plugins/com.st.stm32cube.ide.mcu.externaltools.gnu-tools-for-stm32.10.3-2021.10.win32_1.0.0.202111181127/tools/bin/../lib/gcc/arm-none-eabi/10.3.1/thumb/v7e-m+fp/hard/crti.o
 .ARM.attributes
                0x000000000000001e       0x34 c:/st/stm32cubeide_1.10.1/stm32cubeide/plugins/com.st.stm32cube.ide.mcu.externaltools.gnu-tools-for-stm32.10.3-2021.10.win32_1.0.0.202111181127/tools/bin/../lib/gcc/arm-none-eabi/10.3.1/thumb/v7e-m+fp/hard/crtbegin.o
 .ARM.attributes
                0x0000000000000052       0x34 ./Core/Src/app/app_sm.o
 .ARM.attributes
                0x0000000000000086       0x34 ./Core/Src/main.o
 .ARM.attributes
                0x00000000000000ba       0x34 ./Core/Src/system_stm32f4xx.o
 .ARM.attributes
                0x00000000000000ee       0x21 ./Core/Startup/startup_stm32f429zitx.o
 .ARM.attributes
                0x000000000000010f       0x34 ./Drivers/BSP/STM32F4xx_Nucleo_144/stm32f4xx_nucleo_144.o
 .ARM.attributes
                0x0000000000000143       0x34 ./Drivers/STM32F4xx_HAL_Driver/Src/stm32f4xx_hal.o
 .ARM.attributes
                0x0000000000000177       0x34 ./Drivers/STM32F4xx_HAL_Driver/Src/stm32f4xx_hal_cortex.o
 .ARM.attributes
                0x00000000000001ab       0x34 ./Drivers/STM32F4xx_HAL_Driver/Src/stm32f4xx_hal_dma.o
 .ARM.attributes
                0x00000000000001df       0x34 ./Drivers/STM32F4xx_HAL_Driver/Src/stm32f4xx_hal_gpio.o
 .ARM.attributes
                0x0000000000000213       0x34 ./Drivers/STM32F4xx_HAL_Driver/Src/stm32f4xx_hal_i2c.o
 .ARM.attributes
                0x0000000000000247       0x34 ./Drivers/STM32F4xx_HAL_Driver/Src/stm32f4xx_hal_msp.o
 .ARM.attributes
                0x000000000000027b       0x34 ./Drivers/STM32F4xx_HAL_Driver/Src/stm32f4xx_hal_pwr_ex.o
 .ARM.attributes
                0x00000000000002af       0x34 ./Drivers/STM32F4xx_HAL_Driver/Src/stm32f4xx_hal_rcc.o
 .ARM.attributes
                0x00000000000002e3       0x34 ./Drivers/STM32F4xx_HAL_Driver/Src/stm32f4xx_hal_uart.o
 .ARM.attributes
                0x0000000000000317       0x34 ./Drivers/STM32F4xx_HAL_Driver/Src/stm32f4xx_it.o
 .ARM.attributes
                0x000000000000034b       0x34 ./Drivers/dev/src/dev_timer.o
 .ARM.attributes
                0x000000000000037f       0x34 ./Drivers/dev/src/dev_uart.o
 .ARM.attributes
                0x00000000000003b3       0x34 ./Drivers/dev/src/mpu9250.o
 .ARM.attributes
                0x00000000000003e7       0x34 ./Drivers/dev/src/port.o
 .ARM.attributes
                0x000000000000041b       0x34 c:/st/stm32cubeide_1.10.1/stm32cubeide/plugins/com.st.stm32cube.ide.mcu.externaltools.gnu-tools-for-stm32.10.3-2021.10.win32_1.0.0.202111181127/tools/bin/../lib/gcc/arm-none-eabi/10.3.1/../../../../arm-none-eabi/lib/thumb/v7e-m+fp/hard\libc_nano.a(lib_a-init.o)
 .ARM.attributes
                0x000000000000044f       0x34 c:/st/stm32cubeide_1.10.1/stm32cubeide/plugins/com.st.stm32cube.ide.mcu.externaltools.gnu-tools-for-stm32.10.3-2021.10.win32_1.0.0.202111181127/tools/bin/../lib/gcc/arm-none-eabi/10.3.1/../../../../arm-none-eabi/lib/thumb/v7e-m+fp/hard\libc_nano.a(lib_a-itoa.o)
 .ARM.attributes
                0x0000000000000483       0x34 c:/st/stm32cubeide_1.10.1/stm32cubeide/plugins/com.st.stm32cube.ide.mcu.externaltools.gnu-tools-for-stm32.10.3-2021.10.win32_1.0.0.202111181127/tools/bin/../lib/gcc/arm-none-eabi/10.3.1/../../../../arm-none-eabi/lib/thumb/v7e-m+fp/hard\libc_nano.a(lib_a-memset.o)
 .ARM.attributes
                0x00000000000004b7       0x34 c:/st/stm32cubeide_1.10.1/stm32cubeide/plugins/com.st.stm32cube.ide.mcu.externaltools.gnu-tools-for-stm32.10.3-2021.10.win32_1.0.0.202111181127/tools/bin/../lib/gcc/arm-none-eabi/10.3.1/../../../../arm-none-eabi/lib/thumb/v7e-m+fp/hard\libc_nano.a(lib_a-strcat.o)
 .ARM.attributes
                0x00000000000004eb       0x17 c:/st/stm32cubeide_1.10.1/stm32cubeide/plugins/com.st.stm32cube.ide.mcu.externaltools.gnu-tools-for-stm32.10.3-2021.10.win32_1.0.0.202111181127/tools/bin/../lib/gcc/arm-none-eabi/10.3.1/../../../../arm-none-eabi/lib/thumb/v7e-m+fp/hard\libc_nano.a(lib_a-strlen.o)
 .ARM.attributes
                0x0000000000000502       0x34 c:/st/stm32cubeide_1.10.1/stm32cubeide/plugins/com.st.stm32cube.ide.mcu.externaltools.gnu-tools-for-stm32.10.3-2021.10.win32_1.0.0.202111181127/tools/bin/../lib/gcc/arm-none-eabi/10.3.1/../../../../arm-none-eabi/lib/thumb/v7e-m+fp/hard\libc_nano.a(lib_a-utoa.o)
 .ARM.attributes
                0x0000000000000536       0x1e c:/st/stm32cubeide_1.10.1/stm32cubeide/plugins/com.st.stm32cube.ide.mcu.externaltools.gnu-tools-for-stm32.10.3-2021.10.win32_1.0.0.202111181127/tools/bin/../lib/gcc/arm-none-eabi/10.3.1/thumb/v7e-m+fp/hard\libgcc.a(_aeabi_uldivmod.o)
 .ARM.attributes
                0x0000000000000554       0x34 c:/st/stm32cubeide_1.10.1/stm32cubeide/plugins/com.st.stm32cube.ide.mcu.externaltools.gnu-tools-for-stm32.10.3-2021.10.win32_1.0.0.202111181127/tools/bin/../lib/gcc/arm-none-eabi/10.3.1/thumb/v7e-m+fp/hard\libgcc.a(_udivmoddi4.o)
 .ARM.attributes
                0x0000000000000588       0x1e c:/st/stm32cubeide_1.10.1/stm32cubeide/plugins/com.st.stm32cube.ide.mcu.externaltools.gnu-tools-for-stm32.10.3-2021.10.win32_1.0.0.202111181127/tools/bin/../lib/gcc/arm-none-eabi/10.3.1/thumb/v7e-m+fp/hard\libgcc.a(_dvmd_tls.o)
 .ARM.attributes
                0x00000000000005a6       0x1e c:/st/stm32cubeide_1.10.1/stm32cubeide/plugins/com.st.stm32cube.ide.mcu.externaltools.gnu-tools-for-stm32.10.3-2021.10.win32_1.0.0.202111181127/tools/bin/../lib/gcc/arm-none-eabi/10.3.1/thumb/v7e-m+fp/hard/crtn.o
OUTPUT(MPU9250.elf elf32-littlearm)
LOAD linker stubs
LOAD c:/st/stm32cubeide_1.10.1/stm32cubeide/plugins/com.st.stm32cube.ide.mcu.externaltools.gnu-tools-for-stm32.10.3-2021.10.win32_1.0.0.202111181127/tools/bin/../lib/gcc/arm-none-eabi/10.3.1/../../../../arm-none-eabi/lib/thumb/v7e-m+fp/hard\libc.a
LOAD c:/st/stm32cubeide_1.10.1/stm32cubeide/plugins/com.st.stm32cube.ide.mcu.externaltools.gnu-tools-for-stm32.10.3-2021.10.win32_1.0.0.202111181127/tools/bin/../lib/gcc/arm-none-eabi/10.3.1/../../../../arm-none-eabi/lib/thumb/v7e-m+fp/hard\libm.a
LOAD c:/st/stm32cubeide_1.10.1/stm32cubeide/plugins/com.st.stm32cube.ide.mcu.externaltools.gnu-tools-for-stm32.10.3-2021.10.win32_1.0.0.202111181127/tools/bin/../lib/gcc/arm-none-eabi/10.3.1/thumb/v7e-m+fp/hard\libgcc.a

.debug_info     0x0000000000000000     0xd8d4
 .debug_info    0x0000000000000000      0x542 ./Core/Src/app/app_sm.o
 .debug_info    0x0000000000000542      0x5e0 ./Core/Src/main.o
 .debug_info    0x0000000000000b22      0x53f ./Core/Src/system_stm32f4xx.o
 .debug_info    0x0000000000001061       0x22 ./Core/Startup/startup_stm32f429zitx.o
 .debug_info    0x0000000000001083      0xa46 ./Drivers/BSP/STM32F4xx_Nucleo_144/stm32f4xx_nucleo_144.o
 .debug_info    0x0000000000001ac9      0x9f4 ./Drivers/STM32F4xx_HAL_Driver/Src/stm32f4xx_hal.o
 .debug_info    0x00000000000024bd      0xe51 ./Drivers/STM32F4xx_HAL_Driver/Src/stm32f4xx_hal_cortex.o
 .debug_info    0x000000000000330e      0x94f ./Drivers/STM32F4xx_HAL_Driver/Src/stm32f4xx_hal_dma.o
 .debug_info    0x0000000000003c5d      0x786 ./Drivers/STM32F4xx_HAL_Driver/Src/stm32f4xx_hal_gpio.o
 .debug_info    0x00000000000043e3     0x2617 ./Drivers/STM32F4xx_HAL_Driver/Src/stm32f4xx_hal_i2c.o
 .debug_info    0x00000000000069fa      0xf7c ./Drivers/STM32F4xx_HAL_Driver/Src/stm32f4xx_hal_msp.o
 .debug_info    0x0000000000007976      0x6e6 ./Drivers/STM32F4xx_HAL_Driver/Src/stm32f4xx_hal_pwr_ex.o
 .debug_info    0x000000000000805c      0x982 ./Drivers/STM32F4xx_HAL_Driver/Src/stm32f4xx_hal_rcc.o
 .debug_info    0x00000000000089de     0x31bc ./Drivers/STM32F4xx_HAL_Driver/Src/stm32f4xx_hal_uart.o
 .debug_info    0x000000000000bb9a      0x6ef ./Drivers/STM32F4xx_HAL_Driver/Src/stm32f4xx_it.o
 .debug_info    0x000000000000c289      0x220 ./Drivers/dev/src/dev_timer.o
 .debug_info    0x000000000000c4a9      0x781 ./Drivers/dev/src/dev_uart.o
 .debug_info    0x000000000000cc2a      0x447 ./Drivers/dev/src/mpu9250.o
 .debug_info    0x000000000000d071      0x863 ./Drivers/dev/src/port.o

.debug_abbrev   0x0000000000000000     0x225d
 .debug_abbrev  0x0000000000000000      0x1a7 ./Core/Src/app/app_sm.o
 .debug_abbrev  0x00000000000001a7      0x1b7 ./Core/Src/main.o
 .debug_abbrev  0x000000000000035e      0x116 ./Core/Src/system_stm32f4xx.o
 .debug_abbrev  0x0000000000000474       0x12 ./Core/Startup/startup_stm32f429zitx.o
 .debug_abbrev  0x0000000000000486      0x231 ./Drivers/BSP/STM32F4xx_Nucleo_144/stm32f4xx_nucleo_144.o
 .debug_abbrev  0x00000000000006b7      0x20d ./Drivers/STM32F4xx_HAL_Driver/Src/stm32f4xx_hal.o
 .debug_abbrev  0x00000000000008c4      0x316 ./Drivers/STM32F4xx_HAL_Driver/Src/stm32f4xx_hal_cortex.o
 .debug_abbrev  0x0000000000000bda      0x25b ./Drivers/STM32F4xx_HAL_Driver/Src/stm32f4xx_hal_dma.o
 .debug_abbrev  0x0000000000000e35      0x1c4 ./Drivers/STM32F4xx_HAL_Driver/Src/stm32f4xx_hal_gpio.o
 .debug_abbrev  0x0000000000000ff9      0x297 ./Drivers/STM32F4xx_HAL_Driver/Src/stm32f4xx_hal_i2c.o
 .debug_abbrev  0x0000000000001290      0x1b9 ./Drivers/STM32F4xx_HAL_Driver/Src/stm32f4xx_hal_msp.o
 .debug_abbrev  0x0000000000001449      0x1c9 ./Drivers/STM32F4xx_HAL_Driver/Src/stm32f4xx_hal_pwr_ex.o
 .debug_abbrev  0x0000000000001612      0x2aa ./Drivers/STM32F4xx_HAL_Driver/Src/stm32f4xx_hal_rcc.o
 .debug_abbrev  0x00000000000018bc      0x2f4 ./Drivers/STM32F4xx_HAL_Driver/Src/stm32f4xx_hal_uart.o
 .debug_abbrev  0x0000000000001bb0      0x15f ./Drivers/STM32F4xx_HAL_Driver/Src/stm32f4xx_it.o
 .debug_abbrev  0x0000000000001d0f      0x121 ./Drivers/dev/src/dev_timer.o
 .debug_abbrev  0x0000000000001e30      0x18f ./Drivers/dev/src/dev_uart.o
 .debug_abbrev  0x0000000000001fbf      0x128 ./Drivers/dev/src/mpu9250.o
 .debug_abbrev  0x00000000000020e7      0x176 ./Drivers/dev/src/port.o

.debug_aranges  0x0000000000000000      0xb48
 .debug_aranges
                0x0000000000000000       0x30 ./Core/Src/app/app_sm.o
 .debug_aranges
                0x0000000000000030       0x30 ./Core/Src/main.o
 .debug_aranges
                0x0000000000000060       0x28 ./Core/Src/system_stm32f4xx.o
 .debug_aranges
                0x0000000000000088       0x28 ./Core/Startup/startup_stm32f429zitx.o
 .debug_aranges
                0x00000000000000b0       0x60 ./Drivers/BSP/STM32F4xx_Nucleo_144/stm32f4xx_nucleo_144.o
 .debug_aranges
                0x0000000000000110      0x100 ./Drivers/STM32F4xx_HAL_Driver/Src/stm32f4xx_hal.o
 .debug_aranges
                0x0000000000000210      0x118 ./Drivers/STM32F4xx_HAL_Driver/Src/stm32f4xx_hal_cortex.o
 .debug_aranges
                0x0000000000000328       0x90 ./Drivers/STM32F4xx_HAL_Driver/Src/stm32f4xx_hal_dma.o
 .debug_aranges
                0x00000000000003b8       0x58 ./Drivers/STM32F4xx_HAL_Driver/Src/stm32f4xx_hal_gpio.o
 .debug_aranges
                0x0000000000000410      0x2a0 ./Drivers/STM32F4xx_HAL_Driver/Src/stm32f4xx_hal_i2c.o
 .debug_aranges
                0x00000000000006b0       0x40 ./Drivers/STM32F4xx_HAL_Driver/Src/stm32f4xx_hal_msp.o
 .debug_aranges
                0x00000000000006f0       0x60 ./Drivers/STM32F4xx_HAL_Driver/Src/stm32f4xx_hal_pwr_ex.o
 .debug_aranges
                0x0000000000000750       0x88 ./Drivers/STM32F4xx_HAL_Driver/Src/stm32f4xx_hal_rcc.o
 .debug_aranges
                0x00000000000007d8      0x200 ./Drivers/STM32F4xx_HAL_Driver/Src/stm32f4xx_hal_uart.o
 .debug_aranges
                0x00000000000009d8       0x68 ./Drivers/STM32F4xx_HAL_Driver/Src/stm32f4xx_it.o
 .debug_aranges
                0x0000000000000a40       0x30 ./Drivers/dev/src/dev_timer.o
 .debug_aranges
                0x0000000000000a70       0x38 ./Drivers/dev/src/dev_uart.o
 .debug_aranges
                0x0000000000000aa8       0x60 ./Drivers/dev/src/mpu9250.o
 .debug_aranges
                0x0000000000000b08       0x40 ./Drivers/dev/src/port.o

.debug_ranges   0x0000000000000000      0xa68
 .debug_ranges  0x0000000000000000       0x20 ./Core/Src/app/app_sm.o
 .debug_ranges  0x0000000000000020       0x20 ./Core/Src/main.o
 .debug_ranges  0x0000000000000040       0x18 ./Core/Src/system_stm32f4xx.o
 .debug_ranges  0x0000000000000058       0x20 ./Core/Startup/startup_stm32f429zitx.o
 .debug_ranges  0x0000000000000078       0x50 ./Drivers/BSP/STM32F4xx_Nucleo_144/stm32f4xx_nucleo_144.o
 .debug_ranges  0x00000000000000c8       0xf0 ./Drivers/STM32F4xx_HAL_Driver/Src/stm32f4xx_hal.o
 .debug_ranges  0x00000000000001b8      0x108 ./Drivers/STM32F4xx_HAL_Driver/Src/stm32f4xx_hal_cortex.o
 .debug_ranges  0x00000000000002c0       0x80 ./Drivers/STM32F4xx_HAL_Driver/Src/stm32f4xx_hal_dma.o
 .debug_ranges  0x0000000000000340       0x48 ./Drivers/STM32F4xx_HAL_Driver/Src/stm32f4xx_hal_gpio.o
 .debug_ranges  0x0000000000000388      0x2a8 ./Drivers/STM32F4xx_HAL_Driver/Src/stm32f4xx_hal_i2c.o
 .debug_ranges  0x0000000000000630       0x30 ./Drivers/STM32F4xx_HAL_Driver/Src/stm32f4xx_hal_msp.o
 .debug_ranges  0x0000000000000660       0x50 ./Drivers/STM32F4xx_HAL_Driver/Src/stm32f4xx_hal_pwr_ex.o
 .debug_ranges  0x00000000000006b0       0x78 ./Drivers/STM32F4xx_HAL_Driver/Src/stm32f4xx_hal_rcc.o
 .debug_ranges  0x0000000000000728      0x220 ./Drivers/STM32F4xx_HAL_Driver/Src/stm32f4xx_hal_uart.o
 .debug_ranges  0x0000000000000948       0x58 ./Drivers/STM32F4xx_HAL_Driver/Src/stm32f4xx_it.o
 .debug_ranges  0x00000000000009a0       0x20 ./Drivers/dev/src/dev_timer.o
 .debug_ranges  0x00000000000009c0       0x28 ./Drivers/dev/src/dev_uart.o
 .debug_ranges  0x00000000000009e8       0x50 ./Drivers/dev/src/mpu9250.o
 .debug_ranges  0x0000000000000a38       0x30 ./Drivers/dev/src/port.o

.debug_macro    0x0000000000000000    0x24fac
 .debug_macro   0x0000000000000000      0x3b9 ./Core/Src/app/app_sm.o
 .debug_macro   0x00000000000003b9      0xa78 ./Core/Src/app/app_sm.o
 .debug_macro   0x0000000000000e31       0x22 ./Core/Src/app/app_sm.o
 .debug_macro   0x0000000000000e53       0x4c ./Core/Src/app/app_sm.o
 .debug_macro   0x0000000000000e9f       0x1e ./Core/Src/app/app_sm.o
 .debug_macro   0x0000000000000ebd       0x94 ./Core/Src/app/app_sm.o
 .debug_macro   0x0000000000000f51       0x3c ./Core/Src/app/app_sm.o
 .debug_macro   0x0000000000000f8d       0x34 ./Core/Src/app/app_sm.o
 .debug_macro   0x0000000000000fc1       0x16 ./Core/Src/app/app_sm.o
 .debug_macro   0x0000000000000fd7       0x57 ./Core/Src/app/app_sm.o
 .debug_macro   0x000000000000102e       0x97 ./Core/Src/app/app_sm.o
 .debug_macro   0x00000000000010c5      0x341 ./Core/Src/app/app_sm.o
 .debug_macro   0x0000000000001406       0xfd ./Core/Src/app/app_sm.o
 .debug_macro   0x0000000000001503       0x10 ./Core/Src/app/app_sm.o
 .debug_macro   0x0000000000001513       0x16 ./Core/Src/app/app_sm.o
 .debug_macro   0x0000000000001529       0x43 ./Core/Src/app/app_sm.o
 .debug_macro   0x000000000000156c       0x34 ./Core/Src/app/app_sm.o
 .debug_macro   0x00000000000015a0       0x10 ./Core/Src/app/app_sm.o
 .debug_macro   0x00000000000015b0       0x58 ./Core/Src/app/app_sm.o
 .debug_macro   0x0000000000001608       0x71 ./Core/Src/app/app_sm.o
 .debug_macro   0x0000000000001679       0x1c ./Core/Src/app/app_sm.o
 .debug_macro   0x0000000000001695      0x12a ./Core/Src/app/app_sm.o
 .debug_macro   0x00000000000017bf       0x10 ./Core/Src/app/app_sm.o
 .debug_macro   0x00000000000017cf       0x6a ./Core/Src/app/app_sm.o
 .debug_macro   0x0000000000001839       0x1c ./Core/Src/app/app_sm.o
 .debug_macro   0x0000000000001855       0x52 ./Core/Src/app/app_sm.o
 .debug_macro   0x00000000000018a7       0x22 ./Core/Src/app/app_sm.o
 .debug_macro   0x00000000000018c9       0x10 ./Core/Src/app/app_sm.o
 .debug_macro   0x00000000000018d9       0x52 ./Core/Src/app/app_sm.o
 .debug_macro   0x000000000000192b       0xd5 ./Core/Src/app/app_sm.o
 .debug_macro   0x0000000000001a00       0x1c ./Core/Src/app/app_sm.o
 .debug_macro   0x0000000000001a1c       0x3d ./Core/Src/app/app_sm.o
 .debug_macro   0x0000000000001a59       0x16 ./Core/Src/app/app_sm.o
 .debug_macro   0x0000000000001a6f      0x145 ./Core/Src/app/app_sm.o
 .debug_macro   0x0000000000001bb4      0x103 ./Core/Src/app/app_sm.o
 .debug_macro   0x0000000000001cb7      0x1df ./Core/Src/app/app_sm.o
 .debug_macro   0x0000000000001e96       0x22 ./Core/Src/app/app_sm.o
 .debug_macro   0x0000000000001eb8       0x2e ./Core/Src/app/app_sm.o
 .debug_macro   0x0000000000001ee6       0x28 ./Core/Src/app/app_sm.o
 .debug_macro   0x0000000000001f0e       0x1c ./Core/Src/app/app_sm.o
 .debug_macro   0x0000000000001f2a       0x22 ./Core/Src/app/app_sm.o
 .debug_macro   0x0000000000001f4c       0xd9 ./Core/Src/app/app_sm.o
 .debug_macro   0x0000000000002025     0x102d ./Core/Src/app/app_sm.o
 .debug_macro   0x0000000000003052      0x11f ./Core/Src/app/app_sm.o
 .debug_macro   0x0000000000003171    0x17fc0 ./Core/Src/app/app_sm.o
 .debug_macro   0x000000000001b131       0x6d ./Core/Src/app/app_sm.o
 .debug_macro   0x000000000001b19e      0x29e ./Core/Src/app/app_sm.o
 .debug_macro   0x000000000001b43c      0xca5 ./Core/Src/app/app_sm.o
 .debug_macro   0x000000000001c0e1      0x9fe ./Core/Src/app/app_sm.o
 .debug_macro   0x000000000001cadf      0x115 ./Core/Src/app/app_sm.o
 .debug_macro   0x000000000001cbf4      0x156 ./Core/Src/app/app_sm.o
 .debug_macro   0x000000000001cd4a       0xa5 ./Core/Src/app/app_sm.o
 .debug_macro   0x000000000001cdef      0x182 ./Core/Src/app/app_sm.o
 .debug_macro   0x000000000001cf71      0x287 ./Core/Src/app/app_sm.o
 .debug_macro   0x000000000001d1f8       0x5f ./Core/Src/app/app_sm.o
 .debug_macro   0x000000000001d257      0x236 ./Core/Src/app/app_sm.o
 .debug_macro   0x000000000001d48d      0x132 ./Core/Src/app/app_sm.o
 .debug_macro   0x000000000001d5bf      0x41d ./Core/Src/app/app_sm.o
 .debug_macro   0x000000000001d9dc       0x2e ./Core/Src/app/app_sm.o
 .debug_macro   0x000000000001da0a      0x11a ./Core/Src/app/app_sm.o
 .debug_macro   0x000000000001db24       0xe2 ./Core/Src/app/app_sm.o
 .debug_macro   0x000000000001dc06       0x89 ./Core/Src/app/app_sm.o
 .debug_macro   0x000000000001dc8f      0x295 ./Core/Src/app/app_sm.o
 .debug_macro   0x000000000001df24      0x134 ./Core/Src/app/app_sm.o
 .debug_macro   0x000000000001e058     0x36f5 ./Core/Src/app/app_sm.o
 .debug_macro   0x000000000002174d       0x56 ./Core/Src/app/app_sm.o
 .debug_macro   0x00000000000217a3      0x1af ./Core/Src/app/app_sm.o
 .debug_macro   0x0000000000021952       0x22 ./Core/Src/app/app_sm.o
 .debug_macro   0x0000000000021974       0xd6 ./Core/Src/app/app_sm.o
 .debug_macro   0x0000000000021a4a       0x16 ./Core/Src/app/app_sm.o
 .debug_macro   0x0000000000021a60       0x35 ./Core/Src/app/app_sm.o
 .debug_macro   0x0000000000021a95       0x20 ./Core/Src/app/app_sm.o
 .debug_macro   0x0000000000021ab5      0x3cb ./Core/Src/main.o
 .debug_macro   0x0000000000021e80       0x8e ./Core/Src/main.o
 .debug_macro   0x0000000000021f0e       0x51 ./Core/Src/main.o
 .debug_macro   0x0000000000021f5f      0x174 ./Core/Src/main.o
 .debug_macro   0x00000000000220d3       0x5c ./Core/Src/main.o
 .debug_macro   0x000000000002212f      0x1b5 ./Core/Src/main.o
 .debug_macro   0x00000000000222e4       0x94 ./Core/Src/main.o
 .debug_macro   0x0000000000022378       0x52 ./Core/Src/main.o
 .debug_macro   0x00000000000223ca      0x146 ./Core/Src/main.o
 .debug_macro   0x0000000000022510      0x1d3 ./Core/Src/system_stm32f4xx.o
 .debug_macro   0x00000000000226e3      0x20c ./Drivers/BSP/STM32F4xx_Nucleo_144/stm32f4xx_nucleo_144.o
 .debug_macro   0x00000000000228ef      0x140 ./Drivers/BSP/STM32F4xx_Nucleo_144/stm32f4xx_nucleo_144.o
 .debug_macro   0x0000000000022a2f      0x233 ./Drivers/STM32F4xx_HAL_Driver/Src/stm32f4xx_hal.o
 .debug_macro   0x0000000000022c62      0x1d3 ./Drivers/STM32F4xx_HAL_Driver/Src/stm32f4xx_hal_cortex.o
 .debug_macro   0x0000000000022e35      0x1d9 ./Drivers/STM32F4xx_HAL_Driver/Src/stm32f4xx_hal_dma.o
 .debug_macro   0x000000000002300e      0x1d9 ./Drivers/STM32F4xx_HAL_Driver/Src/stm32f4xx_hal_gpio.o
 .debug_macro   0x00000000000231e7      0x21a ./Drivers/STM32F4xx_HAL_Driver/Src/stm32f4xx_hal_i2c.o
 .debug_macro   0x0000000000023401      0x1e2 ./Drivers/STM32F4xx_HAL_Driver/Src/stm32f4xx_hal_msp.o
 .debug_macro   0x00000000000235e3      0x1eb ./Drivers/STM32F4xx_HAL_Driver/Src/stm32f4xx_hal_pwr_ex.o
 .debug_macro   0x00000000000237ce      0x1f7 ./Drivers/STM32F4xx_HAL_Driver/Src/stm32f4xx_hal_rcc.o
 .debug_macro   0x00000000000239c5      0x1d4 ./Drivers/STM32F4xx_HAL_Driver/Src/stm32f4xx_hal_uart.o
 .debug_macro   0x0000000000023b99      0x36c ./Drivers/STM32F4xx_HAL_Driver/Src/stm32f4xx_it.o
 .debug_macro   0x0000000000023f05      0x355 ./Drivers/dev/src/dev_timer.o
 .debug_macro   0x000000000002425a      0x389 ./Drivers/dev/src/dev_uart.o
 .debug_macro   0x00000000000245e3      0x28f ./Drivers/dev/src/dev_uart.o
 .debug_macro   0x0000000000024872      0x3d5 ./Drivers/dev/src/mpu9250.o
 .debug_macro   0x0000000000024c47      0x365 ./Drivers/dev/src/port.o

.debug_line     0x0000000000000000    0x1091a
 .debug_line    0x0000000000000000      0xb23 ./Core/Src/app/app_sm.o
 .debug_line    0x0000000000000b23      0xaec ./Core/Src/main.o
 .debug_line    0x000000000000160f      0x731 ./Core/Src/system_stm32f4xx.o
 .debug_line    0x0000000000001d40       0x88 ./Core/Startup/startup_stm32f429zitx.o
 .debug_line    0x0000000000001dc8      0x7f7 ./Drivers/BSP/STM32F4xx_Nucleo_144/stm32f4xx_nucleo_144.o
 .debug_line    0x00000000000025bf      0x9cd ./Drivers/STM32F4xx_HAL_Driver/Src/stm32f4xx_hal.o
 .debug_line    0x0000000000002f8c      0xc46 ./Drivers/STM32F4xx_HAL_Driver/Src/stm32f4xx_hal_cortex.o
 .debug_line    0x0000000000003bd2      0xefb ./Drivers/STM32F4xx_HAL_Driver/Src/stm32f4xx_hal_dma.o
 .debug_line    0x0000000000004acd      0xb33 ./Drivers/STM32F4xx_HAL_Driver/Src/stm32f4xx_hal_gpio.o
 .debug_line    0x0000000000005600     0x394c ./Drivers/STM32F4xx_HAL_Driver/Src/stm32f4xx_hal_i2c.o
 .debug_line    0x0000000000008f4c      0x771 ./Drivers/STM32F4xx_HAL_Driver/Src/stm32f4xx_hal_msp.o
 .debug_line    0x00000000000096bd      0x8c6 ./Drivers/STM32F4xx_HAL_Driver/Src/stm32f4xx_hal_pwr_ex.o
 .debug_line    0x0000000000009f83      0xd13 ./Drivers/STM32F4xx_HAL_Driver/Src/stm32f4xx_hal_rcc.o
 .debug_line    0x000000000000ac96     0x2a3c ./Drivers/STM32F4xx_HAL_Driver/Src/stm32f4xx_hal_uart.o
 .debug_line    0x000000000000d6d2      0xa0d ./Drivers/STM32F4xx_HAL_Driver/Src/stm32f4xx_it.o
 .debug_line    0x000000000000e0df      0x9b0 ./Drivers/dev/src/dev_timer.o
 .debug_line    0x000000000000ea8f      0x9ba ./Drivers/dev/src/dev_uart.o
 .debug_line    0x000000000000f449      0xaf3 ./Drivers/dev/src/mpu9250.o
 .debug_line    0x000000000000ff3c      0x9de ./Drivers/dev/src/port.o

.debug_str      0x0000000000000000    0xd5391
 .debug_str     0x0000000000000000    0xd0db1 ./Core/Src/app/app_sm.o
                                      0xd105f (size before relaxing)
 .debug_str     0x00000000000d0db1      0xd60 ./Core/Src/main.o
                                      0xd1be8 (size before relaxing)
 .debug_str     0x00000000000d1b11       0xdb ./Core/Src/system_stm32f4xx.o
                                      0xcd17a (size before relaxing)
 .debug_str     0x00000000000d1bec       0x36 ./Core/Startup/startup_stm32f429zitx.o
                                         0x8b (size before relaxing)
 .debug_str     0x00000000000d1c22      0x93c ./Drivers/BSP/STM32F4xx_Nucleo_144/stm32f4xx_nucleo_144.o
                                      0xce2ad (size before relaxing)
 .debug_str     0x00000000000d255e      0x66a ./Drivers/STM32F4xx_HAL_Driver/Src/stm32f4xx_hal.o
                                      0xcdd9d (size before relaxing)
 .debug_str     0x00000000000d2bc8      0x32d ./Drivers/STM32F4xx_HAL_Driver/Src/stm32f4xx_hal_cortex.o
                                      0xcda82 (size before relaxing)
 .debug_str     0x00000000000d2ef5      0x53a ./Drivers/STM32F4xx_HAL_Driver/Src/stm32f4xx_hal_dma.o
                                      0xcd581 (size before relaxing)
 .debug_str     0x00000000000d342f       0xf8 ./Drivers/STM32F4xx_HAL_Driver/Src/stm32f4xx_hal_gpio.o
                                      0xcd2f5 (size before relaxing)
 .debug_str     0x00000000000d3527      0xd5f ./Drivers/STM32F4xx_HAL_Driver/Src/stm32f4xx_hal_i2c.o
                                      0xce137 (size before relaxing)
 .debug_str     0x00000000000d4286      0x216 ./Drivers/STM32F4xx_HAL_Driver/Src/stm32f4xx_hal_msp.o
                                      0xce029 (size before relaxing)
 .debug_str     0x00000000000d449c      0x135 ./Drivers/STM32F4xx_HAL_Driver/Src/stm32f4xx_hal_pwr_ex.o
                                      0xcd352 (size before relaxing)
 .debug_str     0x00000000000d45d1      0x213 ./Drivers/STM32F4xx_HAL_Driver/Src/stm32f4xx_hal_rcc.o
                                      0xcd5ae (size before relaxing)
 .debug_str     0x00000000000d47e4      0x5fd ./Drivers/STM32F4xx_HAL_Driver/Src/stm32f4xx_hal_uart.o
                                      0xcdb3a (size before relaxing)
 .debug_str     0x00000000000d4de1       0xe8 ./Drivers/STM32F4xx_HAL_Driver/Src/stm32f4xx_it.o
                                      0xd156d (size before relaxing)
 .debug_str     0x00000000000d4ec9       0x44 ./Drivers/dev/src/dev_timer.o
                                      0xd0e1e (size before relaxing)
 .debug_str     0x00000000000d4f0d      0x14e ./Drivers/dev/src/dev_uart.o
                                      0xd1397 (size before relaxing)
 .debug_str     0x00000000000d505b      0x2c8 ./Drivers/dev/src/mpu9250.o
                                      0xd10cb (size before relaxing)
 .debug_str     0x00000000000d5323       0x6e ./Drivers/dev/src/port.o
                                      0xd13b8 (size before relaxing)

.comment        0x0000000000000000       0x50
 .comment       0x0000000000000000       0x50 ./Core/Src/app/app_sm.o
                                         0x51 (size before relaxing)
 .comment       0x0000000000000050       0x51 ./Core/Src/main.o
 .comment       0x0000000000000050       0x51 ./Core/Src/system_stm32f4xx.o
 .comment       0x0000000000000050       0x51 ./Drivers/BSP/STM32F4xx_Nucleo_144/stm32f4xx_nucleo_144.o
 .comment       0x0000000000000050       0x51 ./Drivers/STM32F4xx_HAL_Driver/Src/stm32f4xx_hal.o
 .comment       0x0000000000000050       0x51 ./Drivers/STM32F4xx_HAL_Driver/Src/stm32f4xx_hal_cortex.o
 .comment       0x0000000000000050       0x51 ./Drivers/STM32F4xx_HAL_Driver/Src/stm32f4xx_hal_dma.o
 .comment       0x0000000000000050       0x51 ./Drivers/STM32F4xx_HAL_Driver/Src/stm32f4xx_hal_gpio.o
 .comment       0x0000000000000050       0x51 ./Drivers/STM32F4xx_HAL_Driver/Src/stm32f4xx_hal_i2c.o
 .comment       0x0000000000000050       0x51 ./Drivers/STM32F4xx_HAL_Driver/Src/stm32f4xx_hal_msp.o
 .comment       0x0000000000000050       0x51 ./Drivers/STM32F4xx_HAL_Driver/Src/stm32f4xx_hal_pwr_ex.o
 .comment       0x0000000000000050       0x51 ./Drivers/STM32F4xx_HAL_Driver/Src/stm32f4xx_hal_rcc.o
 .comment       0x0000000000000050       0x51 ./Drivers/STM32F4xx_HAL_Driver/Src/stm32f4xx_hal_uart.o
 .comment       0x0000000000000050       0x51 ./Drivers/STM32F4xx_HAL_Driver/Src/stm32f4xx_it.o
 .comment       0x0000000000000050       0x51 ./Drivers/dev/src/dev_timer.o
 .comment       0x0000000000000050       0x51 ./Drivers/dev/src/dev_uart.o
 .comment       0x0000000000000050       0x51 ./Drivers/dev/src/mpu9250.o
 .comment       0x0000000000000050       0x51 ./Drivers/dev/src/port.o

.debug_frame    0x0000000000000000     0x2dd4
 .debug_frame   0x0000000000000000       0x84 ./Core/Src/app/app_sm.o
 .debug_frame   0x0000000000000084       0x70 ./Core/Src/main.o
 .debug_frame   0x00000000000000f4       0x58 ./Core/Src/system_stm32f4xx.o
 .debug_frame   0x000000000000014c      0x150 ./Drivers/BSP/STM32F4xx_Nucleo_144/stm32f4xx_nucleo_144.o
 .debug_frame   0x000000000000029c      0x3b4 ./Drivers/STM32F4xx_HAL_Driver/Src/stm32f4xx_hal.o
 .debug_frame   0x0000000000000650      0x498 ./Drivers/STM32F4xx_HAL_Driver/Src/stm32f4xx_hal_cortex.o
 .debug_frame   0x0000000000000ae8      0x250 ./Drivers/STM32F4xx_HAL_Driver/Src/stm32f4xx_hal_dma.o
 .debug_frame   0x0000000000000d38      0x14c ./Drivers/STM32F4xx_HAL_Driver/Src/stm32f4xx_hal_gpio.o
 .debug_frame   0x0000000000000e84      0xc5c ./Drivers/STM32F4xx_HAL_Driver/Src/stm32f4xx_hal_i2c.o
 .debug_frame   0x0000000000001ae0       0xc8 ./Drivers/STM32F4xx_HAL_Driver/Src/stm32f4xx_hal_msp.o
 .debug_frame   0x0000000000001ba8      0x14c ./Drivers/STM32F4xx_HAL_Driver/Src/stm32f4xx_hal_pwr_ex.o
 .debug_frame   0x0000000000001cf4      0x1f4 ./Drivers/STM32F4xx_HAL_Driver/Src/stm32f4xx_hal_rcc.o
 .debug_frame   0x0000000000001ee8      0x92c ./Drivers/STM32F4xx_HAL_Driver/Src/stm32f4xx_hal_uart.o
 .debug_frame   0x0000000000002814      0x120 ./Drivers/STM32F4xx_HAL_Driver/Src/stm32f4xx_it.o
 .debug_frame   0x0000000000002934       0x84 ./Drivers/dev/src/dev_timer.o
 .debug_frame   0x00000000000029b8       0xa4 ./Drivers/dev/src/dev_uart.o
 .debug_frame   0x0000000000002a5c      0x160 ./Drivers/dev/src/mpu9250.o
 .debug_frame   0x0000000000002bbc       0xc4 ./Drivers/dev/src/port.o
 .debug_frame   0x0000000000002c80       0x2c c:/st/stm32cubeide_1.10.1/stm32cubeide/plugins/com.st.stm32cube.ide.mcu.externaltools.gnu-tools-for-stm32.10.3-2021.10.win32_1.0.0.202111181127/tools/bin/../lib/gcc/arm-none-eabi/10.3.1/../../../../arm-none-eabi/lib/thumb/v7e-m+fp/hard\libc_nano.a(lib_a-init.o)
 .debug_frame   0x0000000000002cac       0x38 c:/st/stm32cubeide_1.10.1/stm32cubeide/plugins/com.st.stm32cube.ide.mcu.externaltools.gnu-tools-for-stm32.10.3-2021.10.win32_1.0.0.202111181127/tools/bin/../lib/gcc/arm-none-eabi/10.3.1/../../../../arm-none-eabi/lib/thumb/v7e-m+fp/hard\libc_nano.a(lib_a-itoa.o)
 .debug_frame   0x0000000000002ce4       0x20 c:/st/stm32cubeide_1.10.1/stm32cubeide/plugins/com.st.stm32cube.ide.mcu.externaltools.gnu-tools-for-stm32.10.3-2021.10.win32_1.0.0.202111181127/tools/bin/../lib/gcc/arm-none-eabi/10.3.1/../../../../arm-none-eabi/lib/thumb/v7e-m+fp/hard\libc_nano.a(lib_a-memset.o)
 .debug_frame   0x0000000000002d04       0x28 c:/st/stm32cubeide_1.10.1/stm32cubeide/plugins/com.st.stm32cube.ide.mcu.externaltools.gnu-tools-for-stm32.10.3-2021.10.win32_1.0.0.202111181127/tools/bin/../lib/gcc/arm-none-eabi/10.3.1/../../../../arm-none-eabi/lib/thumb/v7e-m+fp/hard\libc_nano.a(lib_a-strcat.o)
 .debug_frame   0x0000000000002d2c       0x48 c:/st/stm32cubeide_1.10.1/stm32cubeide/plugins/com.st.stm32cube.ide.mcu.externaltools.gnu-tools-for-stm32.10.3-2021.10.win32_1.0.0.202111181127/tools/bin/../lib/gcc/arm-none-eabi/10.3.1/../../../../arm-none-eabi/lib/thumb/v7e-m+fp/hard\libc_nano.a(lib_a-utoa.o)
 .debug_frame   0x0000000000002d74       0x2c c:/st/stm32cubeide_1.10.1/stm32cubeide/plugins/com.st.stm32cube.ide.mcu.externaltools.gnu-tools-for-stm32.10.3-2021.10.win32_1.0.0.202111181127/tools/bin/../lib/gcc/arm-none-eabi/10.3.1/thumb/v7e-m+fp/hard\libgcc.a(_aeabi_uldivmod.o)
 .debug_frame   0x0000000000002da0       0x34 c:/st/stm32cubeide_1.10.1/stm32cubeide/plugins/com.st.stm32cube.ide.mcu.externaltools.gnu-tools-for-stm32.10.3-2021.10.win32_1.0.0.202111181127/tools/bin/../lib/gcc/arm-none-eabi/10.3.1/thumb/v7e-m+fp/hard\libgcc.a(_udivmoddi4.o)
