21:40:08 **** Incremental Build of configuration Debug for project MPU9250 ****
make -j8 all 
arm-none-eabi-gcc "../Drivers/dev/src/mpu9250.c" -mcpu=cortex-m4 -std=gnu11 -g3 -DDEBUG -DUSE_HAL_DRIVER -DSTM32F429xx -c -I../Core/Inc -I../Drivers/STM32F4xx_HAL_Driver/Inc -I../Drivers/STM32F4xx_HAL_Driver/Inc/Legacy -I../Drivers/CMSIS/Device/ST/STM32F4xx/Include -I../Drivers/CMSIS/Include -I"D:/Documents/CESE/Protocolos_Comunicacion/proyecto_final/PdeC_sescriba/MPU9250/Drivers/dev/src" -I"D:/Documents/CESE/Protocolos_Comunicacion/proyecto_final/PdeC_sescriba/MPU9250/Drivers/dev/inc" -I"D:/Documents/CESE/Protocolos_Comunicacion/proyecto_final/PdeC_sescriba/MPU9250/Core/Src" -I"D:/Documents/CESE/Protocolos_Comunicacion/proyecto_final/PdeC_sescriba/MPU9250/Core/Inc/app" -I"D:/Documents/CESE/Protocolos_Comunicacion/proyecto_final/PdeC_sescriba/MPU9250/Core/Src/app" -I"D:/Documents/CESE/Protocolos_Comunicacion/proyecto_final/PdeC_sescriba/MPU9250/Drivers/BSP" -I"D:/Documents/CESE/Protocolos_Comunicacion/proyecto_final/PdeC_sescriba/MPU9250/Drivers/BSP/STM32F4xx_Nucleo_144" -O0 -ffunction-sections -fdata-sections -Wall -fstack-usage -MMD -MP -MF"Drivers/dev/src/mpu9250.d" -MT"Drivers/dev/src/mpu9250.o" --specs=nano.specs -mfpu=fpv4-sp-d16 -mfloat-abi=hard -mthumb -o "Drivers/dev/src/mpu9250.o"
../Drivers/dev/src/mpu9250.c:52:41: warning: initialization of 'uint16_t *' {aka 'short unsigned int *'} from 'int' makes pointer from integer without a cast [-Wint-conversion]
   52 |   {.addr = MPU9250_PWR_MGMT_1, .value = 0x1, .size = 1},
      |                                         ^~~
../Drivers/dev/src/mpu9250.c:52:41: note: (near initialization for 'MPU9250_InitValues[1].value')
../Drivers/dev/src/mpu9250.c:53:42: warning: initialization of 'uint16_t *' {aka 'short unsigned int *'} from 'int' makes pointer from integer without a cast [-Wint-conversion]
   53 |   {.addr = MPU9250_GYRO_CONFIG, .value = 0x18, .size = 1},
      |                                          ^~~~
../Drivers/dev/src/mpu9250.c:53:42: note: (near initialization for 'MPU9250_InitValues[2].value')
../Drivers/dev/src/mpu9250.c:54:40: warning: initialization of 'uint16_t *' {aka 'short unsigned int *'} from 'int' makes pointer from integer without a cast [-Wint-conversion]
   54 |   {.addr = MPU9250_CONFIG_AD, .value = 0x7, .size = 1},
      |                                        ^~~
../Drivers/dev/src/mpu9250.c:54:40: note: (near initialization for 'MPU9250_InitValues[3].value')
../Drivers/dev/src/mpu9250.c:55:45: warning: initialization of 'uint16_t *' {aka 'short unsigned int *'} from 'int' makes pointer from integer without a cast [-Wint-conversion]
   55 |   {.addr = MPU9250_ACCEL_CONFIG_1, .value = 0x18, .size = 1},
      |                                             ^~~~
../Drivers/dev/src/mpu9250.c:55:45: note: (near initialization for 'MPU9250_InitValues[4].value')
../Drivers/dev/src/mpu9250.c:56:45: warning: initialization of 'uint16_t *' {aka 'short unsigned int *'} from 'int' makes pointer from integer without a cast [-Wint-conversion]
   56 |   {.addr = MPU9250_ACCEL_CONFIG_2, .value = 0x7, .size = 1},
      |                                             ^~~
../Drivers/dev/src/mpu9250.c:56:45: note: (near initialization for 'MPU9250_InitValues[5].value')
../Drivers/dev/src/mpu9250.c: In function 'APP_MPU9250ReadGyro':
../Drivers/dev/src/mpu9250.c:215:42: warning: passing argument 1 of 'gyro_convert' makes integer from pointer without a cast [-Wint-conversion]
  215 |  ret = gyro_convert(MPU9250_GyroValues[0].value, &(gyro->x));
      |                     ~~~~~~~~~~~~~~~~~~~~~^~~~~~
      |                                          |
      |                                          uint16_t * {aka short unsigned int *}
../Drivers/dev/src/mpu9250.c:46:38: note: expected 'uint16_t' {aka 'short unsigned int'} but argument is of type 'uint16_t *' {aka 'short unsigned int *'}
   46 | static retType gyro_convert(uint16_t axis, float * paxis);
      |                             ~~~~~~~~~^~~~
../Drivers/dev/src/mpu9250.c:216:43: warning: passing argument 1 of 'gyro_convert' makes integer from pointer without a cast [-Wint-conversion]
  216 |  ret |= gyro_convert(MPU9250_GyroValues[1].value, &(gyro->y));
      |                      ~~~~~~~~~~~~~~~~~~~~~^~~~~~
      |                                           |
      |                                           uint16_t * {aka short unsigned int *}
../Drivers/dev/src/mpu9250.c:46:38: note: expected 'uint16_t' {aka 'short unsigned int'} but argument is of type 'uint16_t *' {aka 'short unsigned int *'}
   46 | static retType gyro_convert(uint16_t axis, float * paxis);
      |                             ~~~~~~~~~^~~~
../Drivers/dev/src/mpu9250.c:217:43: warning: passing argument 1 of 'gyro_convert' makes integer from pointer without a cast [-Wint-conversion]
  217 |  ret |= gyro_convert(MPU9250_GyroValues[2].value, &(gyro->z));
      |                      ~~~~~~~~~~~~~~~~~~~~~^~~~~~
      |                                           |
      |                                           uint16_t * {aka short unsigned int *}
../Drivers/dev/src/mpu9250.c:46:38: note: expected 'uint16_t' {aka 'short unsigned int'} but argument is of type 'uint16_t *' {aka 'short unsigned int *'}
   46 | static retType gyro_convert(uint16_t axis, float * paxis);
      |                             ~~~~~~~~~^~~~
../Drivers/dev/src/mpu9250.c: In function 'APP_MPU9250ReadAccl':
../Drivers/dev/src/mpu9250.c:252:42: warning: passing argument 1 of 'accl_convert' makes integer from pointer without a cast [-Wint-conversion]
  252 |  ret = accl_convert(MPU9250_AcclValues[0].value, &(accl->x));
      |                     ~~~~~~~~~~~~~~~~~~~~~^~~~~~
      |                                          |
      |                                          uint16_t * {aka short unsigned int *}
../Drivers/dev/src/mpu9250.c:47:38: note: expected 'uint16_t' {aka 'short unsigned int'} but argument is of type 'uint16_t *' {aka 'short unsigned int *'}
   47 | static retType accl_convert(uint16_t axis, float * paxis);
      |                             ~~~~~~~~~^~~~
../Drivers/dev/src/mpu9250.c:253:43: warning: passing argument 1 of 'accl_convert' makes integer from pointer without a cast [-Wint-conversion]
  253 |  ret |= accl_convert(MPU9250_AcclValues[1].value, &(accl->y));
      |                      ~~~~~~~~~~~~~~~~~~~~~^~~~~~
      |                                           |
      |                                           uint16_t * {aka short unsigned int *}
../Drivers/dev/src/mpu9250.c:47:38: note: expected 'uint16_t' {aka 'short unsigned int'} but argument is of type 'uint16_t *' {aka 'short unsigned int *'}
   47 | static retType accl_convert(uint16_t axis, float * paxis);
      |                             ~~~~~~~~~^~~~
../Drivers/dev/src/mpu9250.c:254:43: warning: passing argument 1 of 'accl_convert' makes integer from pointer without a cast [-Wint-conversion]
  254 |  ret |= accl_convert(MPU9250_AcclValues[2].value, &(accl->z));
      |                      ~~~~~~~~~~~~~~~~~~~~~^~~~~~
      |                                           |
      |                                           uint16_t * {aka short unsigned int *}
../Drivers/dev/src/mpu9250.c:47:38: note: expected 'uint16_t' {aka 'short unsigned int'} but argument is of type 'uint16_t *' {aka 'short unsigned int *'}
   47 | static retType accl_convert(uint16_t axis, float * paxis);
      |                             ~~~~~~~~~^~~~
arm-none-eabi-gcc -o "MPU9250.elf" @"objects.list"   -mcpu=cortex-m4 -T"D:\Documents\CESE\Protocolos_Comunicacion\proyecto_final\PdeC_sescriba\MPU9250\STM32F429ZITX_FLASH.ld" --specs=nosys.specs -Wl,-Map="MPU9250.map" -Wl,--gc-sections -static --specs=nano.specs -mfpu=fpv4-sp-d16 -mfloat-abi=hard -mthumb -Wl,--start-group -lc -lm -Wl,--end-group
Finished building target: MPU9250.elf
 
arm-none-eabi-size   MPU9250.elf 
arm-none-eabi-objdump -h -S  MPU9250.elf  > "MPU9250.list"
   text	   data	    bss	    dec	    hex	filename
  23152	    176	   1776	  25104	   6210	MPU9250.elf
Finished building: default.size.stdout
 
Finished building: MPU9250.list
 
21:40:15 **** Incremental Build of configuration Debug for project MPU9250 ****
make -j8 all 
arm-none-eabi-size   MPU9250.elf 
   text	   data	    bss	    dec	    hex	filename
  23152	    176	   1776	  25104	   6210	MPU9250.elf
Finished building: default.size.stdout
 
19:20:20 **** Incremental Build of configuration Debug for project MPU9250 ****
make -j8 all 
arm-none-eabi-gcc "../Drivers/dev/src/mpu9250.c" -mcpu=cortex-m4 -std=gnu11 -g3 -DDEBUG -DUSE_HAL_DRIVER -DSTM32F429xx -c -I../Core/Inc -I../Drivers/STM32F4xx_HAL_Driver/Inc -I../Drivers/STM32F4xx_HAL_Driver/Inc/Legacy -I../Drivers/CMSIS/Device/ST/STM32F4xx/Include -I../Drivers/CMSIS/Include -I"D:/Documents/CESE/Protocolos_Comunicacion/proyecto_final/PdeC_sescriba/MPU9250/Drivers/dev/src" -I"D:/Documents/CESE/Protocolos_Comunicacion/proyecto_final/PdeC_sescriba/MPU9250/Drivers/dev/inc" -I"D:/Documents/CESE/Protocolos_Comunicacion/proyecto_final/PdeC_sescriba/MPU9250/Core/Src" -I"D:/Documents/CESE/Protocolos_Comunicacion/proyecto_final/PdeC_sescriba/MPU9250/Core/Inc/app" -I"D:/Documents/CESE/Protocolos_Comunicacion/proyecto_final/PdeC_sescriba/MPU9250/Core/Src/app" -I"D:/Documents/CESE/Protocolos_Comunicacion/proyecto_final/PdeC_sescriba/MPU9250/Drivers/BSP" -I"D:/Documents/CESE/Protocolos_Comunicacion/proyecto_final/PdeC_sescriba/MPU9250/Drivers/BSP/STM32F4xx_Nucleo_144" -O0 -ffunction-sections -fdata-sections -Wall -fstack-usage -MMD -MP -MF"Drivers/dev/src/mpu9250.d" -MT"Drivers/dev/src/mpu9250.o" --specs=nano.specs -mfpu=fpv4-sp-d16 -mfloat-abi=hard -mthumb -o "Drivers/dev/src/mpu9250.o"
arm-none-eabi-gcc "../Core/Src/app/app_sm.c" -mcpu=cortex-m4 -std=gnu11 -g3 -DDEBUG -DUSE_HAL_DRIVER -DSTM32F429xx -c -I../Core/Inc -I../Drivers/STM32F4xx_HAL_Driver/Inc -I../Drivers/STM32F4xx_HAL_Driver/Inc/Legacy -I../Drivers/CMSIS/Device/ST/STM32F4xx/Include -I../Drivers/CMSIS/Include -I"D:/Documents/CESE/Protocolos_Comunicacion/proyecto_final/PdeC_sescriba/MPU9250/Drivers/dev/src" -I"D:/Documents/CESE/Protocolos_Comunicacion/proyecto_final/PdeC_sescriba/MPU9250/Drivers/dev/inc" -I"D:/Documents/CESE/Protocolos_Comunicacion/proyecto_final/PdeC_sescriba/MPU9250/Core/Src" -I"D:/Documents/CESE/Protocolos_Comunicacion/proyecto_final/PdeC_sescriba/MPU9250/Core/Inc/app" -I"D:/Documents/CESE/Protocolos_Comunicacion/proyecto_final/PdeC_sescriba/MPU9250/Core/Src/app" -I"D:/Documents/CESE/Protocolos_Comunicacion/proyecto_final/PdeC_sescriba/MPU9250/Drivers/BSP" -I"D:/Documents/CESE/Protocolos_Comunicacion/proyecto_final/PdeC_sescriba/MPU9250/Drivers/BSP/STM32F4xx_Nucleo_144" -O0 -ffunction-sections -fdata-sections -Wall -fstack-usage -MMD -MP -MF"Core/Src/app/app_sm.d" -MT"Core/Src/app/app_sm.o" --specs=nano.specs -mfpu=fpv4-sp-d16 -mfloat-abi=hard -mthumb -o "Core/Src/app/app_sm.o"
arm-none-eabi-gcc "../Core/Src/main.c" -mcpu=cortex-m4 -std=gnu11 -g3 -DDEBUG -DUSE_HAL_DRIVER -DSTM32F429xx -c -I../Core/Inc -I../Drivers/STM32F4xx_HAL_Driver/Inc -I../Drivers/STM32F4xx_HAL_Driver/Inc/Legacy -I../Drivers/CMSIS/Device/ST/STM32F4xx/Include -I../Drivers/CMSIS/Include -I"D:/Documents/CESE/Protocolos_Comunicacion/proyecto_final/PdeC_sescriba/MPU9250/Drivers/dev/src" -I"D:/Documents/CESE/Protocolos_Comunicacion/proyecto_final/PdeC_sescriba/MPU9250/Drivers/dev/inc" -I"D:/Documents/CESE/Protocolos_Comunicacion/proyecto_final/PdeC_sescriba/MPU9250/Core/Src" -I"D:/Documents/CESE/Protocolos_Comunicacion/proyecto_final/PdeC_sescriba/MPU9250/Core/Inc/app" -I"D:/Documents/CESE/Protocolos_Comunicacion/proyecto_final/PdeC_sescriba/MPU9250/Core/Src/app" -I"D:/Documents/CESE/Protocolos_Comunicacion/proyecto_final/PdeC_sescriba/MPU9250/Drivers/BSP" -I"D:/Documents/CESE/Protocolos_Comunicacion/proyecto_final/PdeC_sescriba/MPU9250/Drivers/BSP/STM32F4xx_Nucleo_144" -O0 -ffunction-sections -fdata-sections -Wall -fstack-usage -MMD -MP -MF"Core/Src/main.d" -MT"Core/Src/main.o" --specs=nano.specs -mfpu=fpv4-sp-d16 -mfloat-abi=hard -mthumb -o "Core/Src/main.o"
../Core/Src/app/app_sm.c: In function 'ftoa':
../Core/Src/app/app_sm.c:210:5: warning: implicit declaration of function 'itoa'; did you mean 'ftoa'? [-Wimplicit-function-declaration]
  210 |     itoa(ipart, istr, 10);
      |     ^~~~
      |     ftoa
arm-none-eabi-gcc -o "MPU9250.elf" @"objects.list"   -mcpu=cortex-m4 -T"D:\Documents\CESE\Protocolos_Comunicacion\proyecto_final\PdeC_sescriba\MPU9250\STM32F429ZITX_FLASH.ld" --specs=nosys.specs -Wl,-Map="MPU9250.map" -Wl,--gc-sections -static --specs=nano.specs -mfpu=fpv4-sp-d16 -mfloat-abi=hard -mthumb -Wl,--start-group -lc -lm -Wl,--end-group
Finished building target: MPU9250.elf
 
arm-none-eabi-size   MPU9250.elf 
arm-none-eabi-objdump -h -S  MPU9250.elf  > "MPU9250.list"
   text	   data	    bss	    dec	    hex	filename
  23136	    108	   1772	  25016	   61b8	MPU9250.elf
Finished building: default.size.stdout
 
Finished building: MPU9250.list
 
19:22:19 **** Incremental Build of configuration Debug for project MPU9250 ****
make -j8 all 
arm-none-eabi-gcc "../Drivers/dev/src/mpu9250.c" -mcpu=cortex-m4 -std=gnu11 -g3 -DDEBUG -DUSE_HAL_DRIVER -DSTM32F429xx -c -I../Core/Inc -I../Drivers/STM32F4xx_HAL_Driver/Inc -I../Drivers/STM32F4xx_HAL_Driver/Inc/Legacy -I../Drivers/CMSIS/Device/ST/STM32F4xx/Include -I../Drivers/CMSIS/Include -I"D:/Documents/CESE/Protocolos_Comunicacion/proyecto_final/PdeC_sescriba/MPU9250/Drivers/dev/src" -I"D:/Documents/CESE/Protocolos_Comunicacion/proyecto_final/PdeC_sescriba/MPU9250/Drivers/dev/inc" -I"D:/Documents/CESE/Protocolos_Comunicacion/proyecto_final/PdeC_sescriba/MPU9250/Core/Src" -I"D:/Documents/CESE/Protocolos_Comunicacion/proyecto_final/PdeC_sescriba/MPU9250/Core/Inc/app" -I"D:/Documents/CESE/Protocolos_Comunicacion/proyecto_final/PdeC_sescriba/MPU9250/Core/Src/app" -I"D:/Documents/CESE/Protocolos_Comunicacion/proyecto_final/PdeC_sescriba/MPU9250/Drivers/BSP" -I"D:/Documents/CESE/Protocolos_Comunicacion/proyecto_final/PdeC_sescriba/MPU9250/Drivers/BSP/STM32F4xx_Nucleo_144" -O0 -ffunction-sections -fdata-sections -Wall -fstack-usage -MMD -MP -MF"Drivers/dev/src/mpu9250.d" -MT"Drivers/dev/src/mpu9250.o" --specs=nano.specs -mfpu=fpv4-sp-d16 -mfloat-abi=hard -mthumb -o "Drivers/dev/src/mpu9250.o"
../Drivers/dev/src/mpu9250.c: In function 'APP_MPU9250ReadGyro':
../Drivers/dev/src/mpu9250.c:200:83: error: '(MPU9250Register_t *)&MPU9250_GyroValues' is a pointer; did you mean to use '->'?
  200 |   ret = APP_MPU9250Read(MPU9250_GyroValues[i].addr, (uint8_t*)&(MPU9250_GyroValues.value+i), MPU9250_GyroValues[i].size);
      |                                                                                   ^
      |                                                                                   ->
make: *** [Drivers/dev/src/subdir.mk:28: Drivers/dev/src/mpu9250.o] Error 1
"make -j8 all" terminated with exit code 2. Build might be incomplete.
19:22:51 **** Incremental Build of configuration Debug for project MPU9250 ****
make -j8 all 
arm-none-eabi-gcc "../Drivers/dev/src/mpu9250.c" -mcpu=cortex-m4 -std=gnu11 -g3 -DDEBUG -DUSE_HAL_DRIVER -DSTM32F429xx -c -I../Core/Inc -I../Drivers/STM32F4xx_HAL_Driver/Inc -I../Drivers/STM32F4xx_HAL_Driver/Inc/Legacy -I../Drivers/CMSIS/Device/ST/STM32F4xx/Include -I../Drivers/CMSIS/Include -I"D:/Documents/CESE/Protocolos_Comunicacion/proyecto_final/PdeC_sescriba/MPU9250/Drivers/dev/src" -I"D:/Documents/CESE/Protocolos_Comunicacion/proyecto_final/PdeC_sescriba/MPU9250/Drivers/dev/inc" -I"D:/Documents/CESE/Protocolos_Comunicacion/proyecto_final/PdeC_sescriba/MPU9250/Core/Src" -I"D:/Documents/CESE/Protocolos_Comunicacion/proyecto_final/PdeC_sescriba/MPU9250/Core/Inc/app" -I"D:/Documents/CESE/Protocolos_Comunicacion/proyecto_final/PdeC_sescriba/MPU9250/Core/Src/app" -I"D:/Documents/CESE/Protocolos_Comunicacion/proyecto_final/PdeC_sescriba/MPU9250/Drivers/BSP" -I"D:/Documents/CESE/Protocolos_Comunicacion/proyecto_final/PdeC_sescriba/MPU9250/Drivers/BSP/STM32F4xx_Nucleo_144" -O0 -ffunction-sections -fdata-sections -Wall -fstack-usage -MMD -MP -MF"Drivers/dev/src/mpu9250.d" -MT"Drivers/dev/src/mpu9250.o" --specs=nano.specs -mfpu=fpv4-sp-d16 -mfloat-abi=hard -mthumb -o "Drivers/dev/src/mpu9250.o"
../Drivers/dev/src/mpu9250.c: In function 'APP_MPU9250ReadGyro':
../Drivers/dev/src/mpu9250.c:200:83: error: '(MPU9250Register_t *)&MPU9250_GyroValues' is a pointer; did you mean to use '->'?
  200 |   ret = APP_MPU9250Read(MPU9250_GyroValues[i].addr, (uint8_t*)&(MPU9250_GyroValues.value)+i*3, MPU9250_GyroValues[i].size);
      |                                                                                   ^
      |                                                                                   ->
make: *** [Drivers/dev/src/subdir.mk:28: Drivers/dev/src/mpu9250.o] Error 1
"make -j8 all" terminated with exit code 2. Build might be incomplete.
19:23:09 **** Incremental Build of configuration Debug for project MPU9250 ****
make -j8 all 
arm-none-eabi-gcc "../Drivers/dev/src/mpu9250.c" -mcpu=cortex-m4 -std=gnu11 -g3 -DDEBUG -DUSE_HAL_DRIVER -DSTM32F429xx -c -I../Core/Inc -I../Drivers/STM32F4xx_HAL_Driver/Inc -I../Drivers/STM32F4xx_HAL_Driver/Inc/Legacy -I../Drivers/CMSIS/Device/ST/STM32F4xx/Include -I../Drivers/CMSIS/Include -I"D:/Documents/CESE/Protocolos_Comunicacion/proyecto_final/PdeC_sescriba/MPU9250/Drivers/dev/src" -I"D:/Documents/CESE/Protocolos_Comunicacion/proyecto_final/PdeC_sescriba/MPU9250/Drivers/dev/inc" -I"D:/Documents/CESE/Protocolos_Comunicacion/proyecto_final/PdeC_sescriba/MPU9250/Core/Src" -I"D:/Documents/CESE/Protocolos_Comunicacion/proyecto_final/PdeC_sescriba/MPU9250/Core/Inc/app" -I"D:/Documents/CESE/Protocolos_Comunicacion/proyecto_final/PdeC_sescriba/MPU9250/Core/Src/app" -I"D:/Documents/CESE/Protocolos_Comunicacion/proyecto_final/PdeC_sescriba/MPU9250/Drivers/BSP" -I"D:/Documents/CESE/Protocolos_Comunicacion/proyecto_final/PdeC_sescriba/MPU9250/Drivers/BSP/STM32F4xx_Nucleo_144" -O0 -ffunction-sections -fdata-sections -Wall -fstack-usage -MMD -MP -MF"Drivers/dev/src/mpu9250.d" -MT"Drivers/dev/src/mpu9250.o" --specs=nano.specs -mfpu=fpv4-sp-d16 -mfloat-abi=hard -mthumb -o "Drivers/dev/src/mpu9250.o"
arm-none-eabi-gcc -o "MPU9250.elf" @"objects.list"   -mcpu=cortex-m4 -T"D:\Documents\CESE\Protocolos_Comunicacion\proyecto_final\PdeC_sescriba\MPU9250\STM32F429ZITX_FLASH.ld" --specs=nosys.specs -Wl,-Map="MPU9250.map" -Wl,--gc-sections -static --specs=nano.specs -mfpu=fpv4-sp-d16 -mfloat-abi=hard -mthumb -Wl,--start-group -lc -lm -Wl,--end-group
Finished building target: MPU9250.elf
 
arm-none-eabi-size   MPU9250.elf 
arm-none-eabi-objdump -h -S  MPU9250.elf  > "MPU9250.list"
   text	   data	    bss	    dec	    hex	filename
  23136	    108	   1772	  25016	   61b8	MPU9250.elf
Finished building: default.size.stdout
 
Finished building: MPU9250.list
 
19:27:47 **** Incremental Build of configuration Debug for project MPU9250 ****
make -j8 all 
arm-none-eabi-gcc "../Drivers/dev/src/mpu9250.c" -mcpu=cortex-m4 -std=gnu11 -g3 -DDEBUG -DUSE_HAL_DRIVER -DSTM32F429xx -c -I../Core/Inc -I../Drivers/STM32F4xx_HAL_Driver/Inc -I../Drivers/STM32F4xx_HAL_Driver/Inc/Legacy -I../Drivers/CMSIS/Device/ST/STM32F4xx/Include -I../Drivers/CMSIS/Include -I"D:/Documents/CESE/Protocolos_Comunicacion/proyecto_final/PdeC_sescriba/MPU9250/Drivers/dev/src" -I"D:/Documents/CESE/Protocolos_Comunicacion/proyecto_final/PdeC_sescriba/MPU9250/Drivers/dev/inc" -I"D:/Documents/CESE/Protocolos_Comunicacion/proyecto_final/PdeC_sescriba/MPU9250/Core/Src" -I"D:/Documents/CESE/Protocolos_Comunicacion/proyecto_final/PdeC_sescriba/MPU9250/Core/Inc/app" -I"D:/Documents/CESE/Protocolos_Comunicacion/proyecto_final/PdeC_sescriba/MPU9250/Core/Src/app" -I"D:/Documents/CESE/Protocolos_Comunicacion/proyecto_final/PdeC_sescriba/MPU9250/Drivers/BSP" -I"D:/Documents/CESE/Protocolos_Comunicacion/proyecto_final/PdeC_sescriba/MPU9250/Drivers/BSP/STM32F4xx_Nucleo_144" -O0 -ffunction-sections -fdata-sections -Wall -fstack-usage -MMD -MP -MF"Drivers/dev/src/mpu9250.d" -MT"Drivers/dev/src/mpu9250.o" --specs=nano.specs -mfpu=fpv4-sp-d16 -mfloat-abi=hard -mthumb -o "Drivers/dev/src/mpu9250.o"
arm-none-eabi-gcc -o "MPU9250.elf" @"objects.list"   -mcpu=cortex-m4 -T"D:\Documents\CESE\Protocolos_Comunicacion\proyecto_final\PdeC_sescriba\MPU9250\STM32F429ZITX_FLASH.ld" --specs=nosys.specs -Wl,-Map="MPU9250.map" -Wl,--gc-sections -static --specs=nano.specs -mfpu=fpv4-sp-d16 -mfloat-abi=hard -mthumb -Wl,--start-group -lc -lm -Wl,--end-group
Finished building target: MPU9250.elf
 
arm-none-eabi-size   MPU9250.elf 
arm-none-eabi-objdump -h -S  MPU9250.elf  > "MPU9250.list"
   text	   data	    bss	    dec	    hex	filename
  23136	    108	   1772	  25016	   61b8	MPU9250.elf
Finished building: default.size.stdout
 
Finished building: MPU9250.list
 
19:29:19 **** Incremental Build of configuration Debug for project MPU9250 ****
make -j8 all 
arm-none-eabi-gcc "../Drivers/dev/src/mpu9250.c" -mcpu=cortex-m4 -std=gnu11 -g3 -DDEBUG -DUSE_HAL_DRIVER -DSTM32F429xx -c -I../Core/Inc -I../Drivers/STM32F4xx_HAL_Driver/Inc -I../Drivers/STM32F4xx_HAL_Driver/Inc/Legacy -I../Drivers/CMSIS/Device/ST/STM32F4xx/Include -I../Drivers/CMSIS/Include -I"D:/Documents/CESE/Protocolos_Comunicacion/proyecto_final/PdeC_sescriba/MPU9250/Drivers/dev/src" -I"D:/Documents/CESE/Protocolos_Comunicacion/proyecto_final/PdeC_sescriba/MPU9250/Drivers/dev/inc" -I"D:/Documents/CESE/Protocolos_Comunicacion/proyecto_final/PdeC_sescriba/MPU9250/Core/Src" -I"D:/Documents/CESE/Protocolos_Comunicacion/proyecto_final/PdeC_sescriba/MPU9250/Core/Inc/app" -I"D:/Documents/CESE/Protocolos_Comunicacion/proyecto_final/PdeC_sescriba/MPU9250/Core/Src/app" -I"D:/Documents/CESE/Protocolos_Comunicacion/proyecto_final/PdeC_sescriba/MPU9250/Drivers/BSP" -I"D:/Documents/CESE/Protocolos_Comunicacion/proyecto_final/PdeC_sescriba/MPU9250/Drivers/BSP/STM32F4xx_Nucleo_144" -O0 -ffunction-sections -fdata-sections -Wall -fstack-usage -MMD -MP -MF"Drivers/dev/src/mpu9250.d" -MT"Drivers/dev/src/mpu9250.o" --specs=nano.specs -mfpu=fpv4-sp-d16 -mfloat-abi=hard -mthumb -o "Drivers/dev/src/mpu9250.o"
arm-none-eabi-gcc -o "MPU9250.elf" @"objects.list"   -mcpu=cortex-m4 -T"D:\Documents\CESE\Protocolos_Comunicacion\proyecto_final\PdeC_sescriba\MPU9250\STM32F429ZITX_FLASH.ld" --specs=nosys.specs -Wl,-Map="MPU9250.map" -Wl,--gc-sections -static --specs=nano.specs -mfpu=fpv4-sp-d16 -mfloat-abi=hard -mthumb -Wl,--start-group -lc -lm -Wl,--end-group
Finished building target: MPU9250.elf
 
arm-none-eabi-size   MPU9250.elf 
arm-none-eabi-objdump -h -S  MPU9250.elf  > "MPU9250.list"
   text	   data	    bss	    dec	    hex	filename
  23136	    108	   1772	  25016	   61b8	MPU9250.elf
Finished building: default.size.stdout
 
Finished building: MPU9250.list
 
19:29:49 **** Incremental Build of configuration Debug for project MPU9250 ****
make -j8 all 
arm-none-eabi-size   MPU9250.elf 
   text	   data	    bss	    dec	    hex	filename
  23136	    108	   1772	  25016	   61b8	MPU9250.elf
Finished building: default.size.stdout
 
19:33:13 **** Incremental Build of configuration Debug for project MPU9250 ****
make -j8 all 
arm-none-eabi-gcc "../Drivers/dev/src/mpu9250.c" -mcpu=cortex-m4 -std=gnu11 -g3 -DDEBUG -DUSE_HAL_DRIVER -DSTM32F429xx -c -I../Core/Inc -I../Drivers/STM32F4xx_HAL_Driver/Inc -I../Drivers/STM32F4xx_HAL_Driver/Inc/Legacy -I../Drivers/CMSIS/Device/ST/STM32F4xx/Include -I../Drivers/CMSIS/Include -I"D:/Documents/CESE/Protocolos_Comunicacion/proyecto_final/PdeC_sescriba/MPU9250/Drivers/dev/src" -I"D:/Documents/CESE/Protocolos_Comunicacion/proyecto_final/PdeC_sescriba/MPU9250/Drivers/dev/inc" -I"D:/Documents/CESE/Protocolos_Comunicacion/proyecto_final/PdeC_sescriba/MPU9250/Core/Src" -I"D:/Documents/CESE/Protocolos_Comunicacion/proyecto_final/PdeC_sescriba/MPU9250/Core/Inc/app" -I"D:/Documents/CESE/Protocolos_Comunicacion/proyecto_final/PdeC_sescriba/MPU9250/Core/Src/app" -I"D:/Documents/CESE/Protocolos_Comunicacion/proyecto_final/PdeC_sescriba/MPU9250/Drivers/BSP" -I"D:/Documents/CESE/Protocolos_Comunicacion/proyecto_final/PdeC_sescriba/MPU9250/Drivers/BSP/STM32F4xx_Nucleo_144" -O0 -ffunction-sections -fdata-sections -Wall -fstack-usage -MMD -MP -MF"Drivers/dev/src/mpu9250.d" -MT"Drivers/dev/src/mpu9250.o" --specs=nano.specs -mfpu=fpv4-sp-d16 -mfloat-abi=hard -mthumb -o "Drivers/dev/src/mpu9250.o"
arm-none-eabi-gcc -o "MPU9250.elf" @"objects.list"   -mcpu=cortex-m4 -T"D:\Documents\CESE\Protocolos_Comunicacion\proyecto_final\PdeC_sescriba\MPU9250\STM32F429ZITX_FLASH.ld" --specs=nosys.specs -Wl,-Map="MPU9250.map" -Wl,--gc-sections -static --specs=nano.specs -mfpu=fpv4-sp-d16 -mfloat-abi=hard -mthumb -Wl,--start-group -lc -lm -Wl,--end-group
Finished building target: MPU9250.elf
 
arm-none-eabi-size   MPU9250.elf 
arm-none-eabi-objdump -h -S  MPU9250.elf  > "MPU9250.list"
   text	   data	    bss	    dec	    hex	filename
  23136	    108	   1772	  25016	   61b8	MPU9250.elf
Finished building: default.size.stdout
 
Finished building: MPU9250.list
 
19:33:19 **** Incremental Build of configuration Debug for project MPU9250 ****
make -j8 all 
arm-none-eabi-size   MPU9250.elf 
   text	   data	    bss	    dec	    hex	filename
  23136	    108	   1772	  25016	   61b8	MPU9250.elf
Finished building: default.size.stdout
 
19:35:25 **** Incremental Build of configuration Debug for project MPU9250 ****
make -j8 all 
arm-none-eabi-gcc "../Drivers/dev/src/mpu9250.c" -mcpu=cortex-m4 -std=gnu11 -g3 -DDEBUG -DUSE_HAL_DRIVER -DSTM32F429xx -c -I../Core/Inc -I../Drivers/STM32F4xx_HAL_Driver/Inc -I../Drivers/STM32F4xx_HAL_Driver/Inc/Legacy -I../Drivers/CMSIS/Device/ST/STM32F4xx/Include -I../Drivers/CMSIS/Include -I"D:/Documents/CESE/Protocolos_Comunicacion/proyecto_final/PdeC_sescriba/MPU9250/Drivers/dev/src" -I"D:/Documents/CESE/Protocolos_Comunicacion/proyecto_final/PdeC_sescriba/MPU9250/Drivers/dev/inc" -I"D:/Documents/CESE/Protocolos_Comunicacion/proyecto_final/PdeC_sescriba/MPU9250/Core/Src" -I"D:/Documents/CESE/Protocolos_Comunicacion/proyecto_final/PdeC_sescriba/MPU9250/Core/Inc/app" -I"D:/Documents/CESE/Protocolos_Comunicacion/proyecto_final/PdeC_sescriba/MPU9250/Core/Src/app" -I"D:/Documents/CESE/Protocolos_Comunicacion/proyecto_final/PdeC_sescriba/MPU9250/Drivers/BSP" -I"D:/Documents/CESE/Protocolos_Comunicacion/proyecto_final/PdeC_sescriba/MPU9250/Drivers/BSP/STM32F4xx_Nucleo_144" -O0 -ffunction-sections -fdata-sections -Wall -fstack-usage -MMD -MP -MF"Drivers/dev/src/mpu9250.d" -MT"Drivers/dev/src/mpu9250.o" --specs=nano.specs -mfpu=fpv4-sp-d16 -mfloat-abi=hard -mthumb -o "Drivers/dev/src/mpu9250.o"
arm-none-eabi-gcc -o "MPU9250.elf" @"objects.list"   -mcpu=cortex-m4 -T"D:\Documents\CESE\Protocolos_Comunicacion\proyecto_final\PdeC_sescriba\MPU9250\STM32F429ZITX_FLASH.ld" --specs=nosys.specs -Wl,-Map="MPU9250.map" -Wl,--gc-sections -static --specs=nano.specs -mfpu=fpv4-sp-d16 -mfloat-abi=hard -mthumb -Wl,--start-group -lc -lm -Wl,--end-group
Finished building target: MPU9250.elf
 
arm-none-eabi-size   MPU9250.elf 
arm-none-eabi-objdump -h -S  MPU9250.elf  > "MPU9250.list"
   text	   data	    bss	    dec	    hex	filename
  23136	    108	   1772	  25016	   61b8	MPU9250.elf
Finished building: default.size.stdout
 
Finished building: MPU9250.list
 
19:37:14 **** Incremental Build of configuration Debug for project MPU9250 ****
make -j8 all 
arm-none-eabi-gcc "../Drivers/dev/src/mpu9250.c" -mcpu=cortex-m4 -std=gnu11 -g3 -DDEBUG -DUSE_HAL_DRIVER -DSTM32F429xx -c -I../Core/Inc -I../Drivers/STM32F4xx_HAL_Driver/Inc -I../Drivers/STM32F4xx_HAL_Driver/Inc/Legacy -I../Drivers/CMSIS/Device/ST/STM32F4xx/Include -I../Drivers/CMSIS/Include -I"D:/Documents/CESE/Protocolos_Comunicacion/proyecto_final/PdeC_sescriba/MPU9250/Drivers/dev/src" -I"D:/Documents/CESE/Protocolos_Comunicacion/proyecto_final/PdeC_sescriba/MPU9250/Drivers/dev/inc" -I"D:/Documents/CESE/Protocolos_Comunicacion/proyecto_final/PdeC_sescriba/MPU9250/Core/Src" -I"D:/Documents/CESE/Protocolos_Comunicacion/proyecto_final/PdeC_sescriba/MPU9250/Core/Inc/app" -I"D:/Documents/CESE/Protocolos_Comunicacion/proyecto_final/PdeC_sescriba/MPU9250/Core/Src/app" -I"D:/Documents/CESE/Protocolos_Comunicacion/proyecto_final/PdeC_sescriba/MPU9250/Drivers/BSP" -I"D:/Documents/CESE/Protocolos_Comunicacion/proyecto_final/PdeC_sescriba/MPU9250/Drivers/BSP/STM32F4xx_Nucleo_144" -O0 -ffunction-sections -fdata-sections -Wall -fstack-usage -MMD -MP -MF"Drivers/dev/src/mpu9250.d" -MT"Drivers/dev/src/mpu9250.o" --specs=nano.specs -mfpu=fpv4-sp-d16 -mfloat-abi=hard -mthumb -o "Drivers/dev/src/mpu9250.o"
../Drivers/dev/src/mpu9250.c: In function 'APP_MPU9250ReadGyro':
../Drivers/dev/src/mpu9250.c:200:78: warning: passing argument 2 of 'APP_MPU9250Read' from incompatible pointer type [-Wincompatible-pointer-types]
  200 |   ret = APP_MPU9250Read(MPU9250_GyroValues[i].addr, (&MPU9250_GyroValues + 1 + i * 4), MPU9250_GyroValues[i].size);
      |                                                     ~~~~~~~~~~~~~~~~~~~~~~~~~^~~~~~~~
      |                                                                              |
      |                                                                              MPU9250Register_t (*)[3]
../Drivers/dev/src/mpu9250.c:121:54: note: expected 'uint8_t *' {aka 'unsigned char *'} but argument is of type 'MPU9250Register_t (*)[3]'
  121 | retType APP_MPU9250Read(uint8_t addr2read, uint8_t * pdata, uint16_t size){
      |                                            ~~~~~~~~~~^~~~~
arm-none-eabi-gcc -o "MPU9250.elf" @"objects.list"   -mcpu=cortex-m4 -T"D:\Documents\CESE\Protocolos_Comunicacion\proyecto_final\PdeC_sescriba\MPU9250\STM32F429ZITX_FLASH.ld" --specs=nosys.specs -Wl,-Map="MPU9250.map" -Wl,--gc-sections -static --specs=nano.specs -mfpu=fpv4-sp-d16 -mfloat-abi=hard -mthumb -Wl,--start-group -lc -lm -Wl,--end-group
Finished building target: MPU9250.elf
 
arm-none-eabi-size   MPU9250.elf 
arm-none-eabi-objdump -h -S  MPU9250.elf  > "MPU9250.list"
   text	   data	    bss	    dec	    hex	filename
  23136	    108	   1772	  25016	   61b8	MPU9250.elf
Finished building: default.size.stdout
 
Finished building: MPU9250.list
 
19:37:46 **** Incremental Build of configuration Debug for project MPU9250 ****
make -j8 all 
arm-none-eabi-gcc "../Drivers/dev/src/mpu9250.c" -mcpu=cortex-m4 -std=gnu11 -g3 -DDEBUG -DUSE_HAL_DRIVER -DSTM32F429xx -c -I../Core/Inc -I../Drivers/STM32F4xx_HAL_Driver/Inc -I../Drivers/STM32F4xx_HAL_Driver/Inc/Legacy -I../Drivers/CMSIS/Device/ST/STM32F4xx/Include -I../Drivers/CMSIS/Include -I"D:/Documents/CESE/Protocolos_Comunicacion/proyecto_final/PdeC_sescriba/MPU9250/Drivers/dev/src" -I"D:/Documents/CESE/Protocolos_Comunicacion/proyecto_final/PdeC_sescriba/MPU9250/Drivers/dev/inc" -I"D:/Documents/CESE/Protocolos_Comunicacion/proyecto_final/PdeC_sescriba/MPU9250/Core/Src" -I"D:/Documents/CESE/Protocolos_Comunicacion/proyecto_final/PdeC_sescriba/MPU9250/Core/Inc/app" -I"D:/Documents/CESE/Protocolos_Comunicacion/proyecto_final/PdeC_sescriba/MPU9250/Core/Src/app" -I"D:/Documents/CESE/Protocolos_Comunicacion/proyecto_final/PdeC_sescriba/MPU9250/Drivers/BSP" -I"D:/Documents/CESE/Protocolos_Comunicacion/proyecto_final/PdeC_sescriba/MPU9250/Drivers/BSP/STM32F4xx_Nucleo_144" -O0 -ffunction-sections -fdata-sections -Wall -fstack-usage -MMD -MP -MF"Drivers/dev/src/mpu9250.d" -MT"Drivers/dev/src/mpu9250.o" --specs=nano.specs -mfpu=fpv4-sp-d16 -mfloat-abi=hard -mthumb -o "Drivers/dev/src/mpu9250.o"
arm-none-eabi-gcc -o "MPU9250.elf" @"objects.list"   -mcpu=cortex-m4 -T"D:\Documents\CESE\Protocolos_Comunicacion\proyecto_final\PdeC_sescriba\MPU9250\STM32F429ZITX_FLASH.ld" --specs=nosys.specs -Wl,-Map="MPU9250.map" -Wl,--gc-sections -static --specs=nano.specs -mfpu=fpv4-sp-d16 -mfloat-abi=hard -mthumb -Wl,--start-group -lc -lm -Wl,--end-group
Finished building target: MPU9250.elf
 
arm-none-eabi-size   MPU9250.elf 
arm-none-eabi-objdump -h -S  MPU9250.elf  > "MPU9250.list"
   text	   data	    bss	    dec	    hex	filename
  23136	    108	   1772	  25016	   61b8	MPU9250.elf
Finished building: default.size.stdout
 
Finished building: MPU9250.list
 
19:42:28 **** Incremental Build of configuration Debug for project MPU9250 ****
make -j8 all 
arm-none-eabi-gcc "../Drivers/dev/src/mpu9250.c" -mcpu=cortex-m4 -std=gnu11 -g3 -DDEBUG -DUSE_HAL_DRIVER -DSTM32F429xx -c -I../Core/Inc -I../Drivers/STM32F4xx_HAL_Driver/Inc -I../Drivers/STM32F4xx_HAL_Driver/Inc/Legacy -I../Drivers/CMSIS/Device/ST/STM32F4xx/Include -I../Drivers/CMSIS/Include -I"D:/Documents/CESE/Protocolos_Comunicacion/proyecto_final/PdeC_sescriba/MPU9250/Drivers/dev/src" -I"D:/Documents/CESE/Protocolos_Comunicacion/proyecto_final/PdeC_sescriba/MPU9250/Drivers/dev/inc" -I"D:/Documents/CESE/Protocolos_Comunicacion/proyecto_final/PdeC_sescriba/MPU9250/Core/Src" -I"D:/Documents/CESE/Protocolos_Comunicacion/proyecto_final/PdeC_sescriba/MPU9250/Core/Inc/app" -I"D:/Documents/CESE/Protocolos_Comunicacion/proyecto_final/PdeC_sescriba/MPU9250/Core/Src/app" -I"D:/Documents/CESE/Protocolos_Comunicacion/proyecto_final/PdeC_sescriba/MPU9250/Drivers/BSP" -I"D:/Documents/CESE/Protocolos_Comunicacion/proyecto_final/PdeC_sescriba/MPU9250/Drivers/BSP/STM32F4xx_Nucleo_144" -O0 -ffunction-sections -fdata-sections -Wall -fstack-usage -MMD -MP -MF"Drivers/dev/src/mpu9250.d" -MT"Drivers/dev/src/mpu9250.o" --specs=nano.specs -mfpu=fpv4-sp-d16 -mfloat-abi=hard -mthumb -o "Drivers/dev/src/mpu9250.o"
arm-none-eabi-gcc -o "MPU9250.elf" @"objects.list"   -mcpu=cortex-m4 -T"D:\Documents\CESE\Protocolos_Comunicacion\proyecto_final\PdeC_sescriba\MPU9250\STM32F429ZITX_FLASH.ld" --specs=nosys.specs -Wl,-Map="MPU9250.map" -Wl,--gc-sections -static --specs=nano.specs -mfpu=fpv4-sp-d16 -mfloat-abi=hard -mthumb -Wl,--start-group -lc -lm -Wl,--end-group
Finished building target: MPU9250.elf
 
arm-none-eabi-size   MPU9250.elf 
arm-none-eabi-objdump -h -S  MPU9250.elf  > "MPU9250.list"
   text	   data	    bss	    dec	    hex	filename
  23064	    108	   1772	  24944	   6170	MPU9250.elf
Finished building: default.size.stdout
 
Finished building: MPU9250.list
 
19:43:20 **** Incremental Build of configuration Debug for project MPU9250 ****
make -j8 all 
arm-none-eabi-gcc "../Drivers/dev/src/mpu9250.c" -mcpu=cortex-m4 -std=gnu11 -g3 -DDEBUG -DUSE_HAL_DRIVER -DSTM32F429xx -c -I../Core/Inc -I../Drivers/STM32F4xx_HAL_Driver/Inc -I../Drivers/STM32F4xx_HAL_Driver/Inc/Legacy -I../Drivers/CMSIS/Device/ST/STM32F4xx/Include -I../Drivers/CMSIS/Include -I"D:/Documents/CESE/Protocolos_Comunicacion/proyecto_final/PdeC_sescriba/MPU9250/Drivers/dev/src" -I"D:/Documents/CESE/Protocolos_Comunicacion/proyecto_final/PdeC_sescriba/MPU9250/Drivers/dev/inc" -I"D:/Documents/CESE/Protocolos_Comunicacion/proyecto_final/PdeC_sescriba/MPU9250/Core/Src" -I"D:/Documents/CESE/Protocolos_Comunicacion/proyecto_final/PdeC_sescriba/MPU9250/Core/Inc/app" -I"D:/Documents/CESE/Protocolos_Comunicacion/proyecto_final/PdeC_sescriba/MPU9250/Core/Src/app" -I"D:/Documents/CESE/Protocolos_Comunicacion/proyecto_final/PdeC_sescriba/MPU9250/Drivers/BSP" -I"D:/Documents/CESE/Protocolos_Comunicacion/proyecto_final/PdeC_sescriba/MPU9250/Drivers/BSP/STM32F4xx_Nucleo_144" -O0 -ffunction-sections -fdata-sections -Wall -fstack-usage -MMD -MP -MF"Drivers/dev/src/mpu9250.d" -MT"Drivers/dev/src/mpu9250.o" --specs=nano.specs -mfpu=fpv4-sp-d16 -mfloat-abi=hard -mthumb -o "Drivers/dev/src/mpu9250.o"
arm-none-eabi-gcc -o "MPU9250.elf" @"objects.list"   -mcpu=cortex-m4 -T"D:\Documents\CESE\Protocolos_Comunicacion\proyecto_final\PdeC_sescriba\MPU9250\STM32F429ZITX_FLASH.ld" --specs=nosys.specs -Wl,-Map="MPU9250.map" -Wl,--gc-sections -static --specs=nano.specs -mfpu=fpv4-sp-d16 -mfloat-abi=hard -mthumb -Wl,--start-group -lc -lm -Wl,--end-group
Finished building target: MPU9250.elf
 
arm-none-eabi-size   MPU9250.elf 
arm-none-eabi-objdump -h -S  MPU9250.elf  > "MPU9250.list"
   text	   data	    bss	    dec	    hex	filename
  23064	    108	   1772	  24944	   6170	MPU9250.elf
Finished building: default.size.stdout
 
Finished building: MPU9250.list
 
19:43:40 **** Incremental Build of configuration Debug for project MPU9250 ****
make -j8 all 
arm-none-eabi-gcc "../Drivers/dev/src/mpu9250.c" -mcpu=cortex-m4 -std=gnu11 -g3 -DDEBUG -DUSE_HAL_DRIVER -DSTM32F429xx -c -I../Core/Inc -I../Drivers/STM32F4xx_HAL_Driver/Inc -I../Drivers/STM32F4xx_HAL_Driver/Inc/Legacy -I../Drivers/CMSIS/Device/ST/STM32F4xx/Include -I../Drivers/CMSIS/Include -I"D:/Documents/CESE/Protocolos_Comunicacion/proyecto_final/PdeC_sescriba/MPU9250/Drivers/dev/src" -I"D:/Documents/CESE/Protocolos_Comunicacion/proyecto_final/PdeC_sescriba/MPU9250/Drivers/dev/inc" -I"D:/Documents/CESE/Protocolos_Comunicacion/proyecto_final/PdeC_sescriba/MPU9250/Core/Src" -I"D:/Documents/CESE/Protocolos_Comunicacion/proyecto_final/PdeC_sescriba/MPU9250/Core/Inc/app" -I"D:/Documents/CESE/Protocolos_Comunicacion/proyecto_final/PdeC_sescriba/MPU9250/Core/Src/app" -I"D:/Documents/CESE/Protocolos_Comunicacion/proyecto_final/PdeC_sescriba/MPU9250/Drivers/BSP" -I"D:/Documents/CESE/Protocolos_Comunicacion/proyecto_final/PdeC_sescriba/MPU9250/Drivers/BSP/STM32F4xx_Nucleo_144" -O0 -ffunction-sections -fdata-sections -Wall -fstack-usage -MMD -MP -MF"Drivers/dev/src/mpu9250.d" -MT"Drivers/dev/src/mpu9250.o" --specs=nano.specs -mfpu=fpv4-sp-d16 -mfloat-abi=hard -mthumb -o "Drivers/dev/src/mpu9250.o"
arm-none-eabi-gcc -o "MPU9250.elf" @"objects.list"   -mcpu=cortex-m4 -T"D:\Documents\CESE\Protocolos_Comunicacion\proyecto_final\PdeC_sescriba\MPU9250\STM32F429ZITX_FLASH.ld" --specs=nosys.specs -Wl,-Map="MPU9250.map" -Wl,--gc-sections -static --specs=nano.specs -mfpu=fpv4-sp-d16 -mfloat-abi=hard -mthumb -Wl,--start-group -lc -lm -Wl,--end-group
Finished building target: MPU9250.elf
 
arm-none-eabi-size   MPU9250.elf 
arm-none-eabi-objdump -h -S  MPU9250.elf  > "MPU9250.list"
   text	   data	    bss	    dec	    hex	filename
  23064	    108	   1772	  24944	   6170	MPU9250.elf
Finished building: default.size.stdout
 
Finished building: MPU9250.list
 
19:45:07 **** Incremental Build of configuration Debug for project MPU9250 ****
make -j8 all 
arm-none-eabi-gcc "../Drivers/dev/src/mpu9250.c" -mcpu=cortex-m4 -std=gnu11 -g3 -DDEBUG -DUSE_HAL_DRIVER -DSTM32F429xx -c -I../Core/Inc -I../Drivers/STM32F4xx_HAL_Driver/Inc -I../Drivers/STM32F4xx_HAL_Driver/Inc/Legacy -I../Drivers/CMSIS/Device/ST/STM32F4xx/Include -I../Drivers/CMSIS/Include -I"D:/Documents/CESE/Protocolos_Comunicacion/proyecto_final/PdeC_sescriba/MPU9250/Drivers/dev/src" -I"D:/Documents/CESE/Protocolos_Comunicacion/proyecto_final/PdeC_sescriba/MPU9250/Drivers/dev/inc" -I"D:/Documents/CESE/Protocolos_Comunicacion/proyecto_final/PdeC_sescriba/MPU9250/Core/Src" -I"D:/Documents/CESE/Protocolos_Comunicacion/proyecto_final/PdeC_sescriba/MPU9250/Core/Inc/app" -I"D:/Documents/CESE/Protocolos_Comunicacion/proyecto_final/PdeC_sescriba/MPU9250/Core/Src/app" -I"D:/Documents/CESE/Protocolos_Comunicacion/proyecto_final/PdeC_sescriba/MPU9250/Drivers/BSP" -I"D:/Documents/CESE/Protocolos_Comunicacion/proyecto_final/PdeC_sescriba/MPU9250/Drivers/BSP/STM32F4xx_Nucleo_144" -O0 -ffunction-sections -fdata-sections -Wall -fstack-usage -MMD -MP -MF"Drivers/dev/src/mpu9250.d" -MT"Drivers/dev/src/mpu9250.o" --specs=nano.specs -mfpu=fpv4-sp-d16 -mfloat-abi=hard -mthumb -o "Drivers/dev/src/mpu9250.o"
arm-none-eabi-gcc -o "MPU9250.elf" @"objects.list"   -mcpu=cortex-m4 -T"D:\Documents\CESE\Protocolos_Comunicacion\proyecto_final\PdeC_sescriba\MPU9250\STM32F429ZITX_FLASH.ld" --specs=nosys.specs -Wl,-Map="MPU9250.map" -Wl,--gc-sections -static --specs=nano.specs -mfpu=fpv4-sp-d16 -mfloat-abi=hard -mthumb -Wl,--start-group -lc -lm -Wl,--end-group
Finished building target: MPU9250.elf
 
arm-none-eabi-size   MPU9250.elf 
arm-none-eabi-objdump -h -S  MPU9250.elf  > "MPU9250.list"
   text	   data	    bss	    dec	    hex	filename
  23080	    108	   1772	  24960	   6180	MPU9250.elf
Finished building: default.size.stdout
 
Finished building: MPU9250.list
 
19:54:28 **** Incremental Build of configuration Debug for project MPU9250 ****
make -j8 all 
arm-none-eabi-gcc "../Drivers/dev/src/mpu9250.c" -mcpu=cortex-m4 -std=gnu11 -g3 -DDEBUG -DUSE_HAL_DRIVER -DSTM32F429xx -c -I../Core/Inc -I../Drivers/STM32F4xx_HAL_Driver/Inc -I../Drivers/STM32F4xx_HAL_Driver/Inc/Legacy -I../Drivers/CMSIS/Device/ST/STM32F4xx/Include -I../Drivers/CMSIS/Include -I"D:/Documents/CESE/Protocolos_Comunicacion/proyecto_final/PdeC_sescriba/MPU9250/Drivers/dev/src" -I"D:/Documents/CESE/Protocolos_Comunicacion/proyecto_final/PdeC_sescriba/MPU9250/Drivers/dev/inc" -I"D:/Documents/CESE/Protocolos_Comunicacion/proyecto_final/PdeC_sescriba/MPU9250/Core/Src" -I"D:/Documents/CESE/Protocolos_Comunicacion/proyecto_final/PdeC_sescriba/MPU9250/Core/Inc/app" -I"D:/Documents/CESE/Protocolos_Comunicacion/proyecto_final/PdeC_sescriba/MPU9250/Core/Src/app" -I"D:/Documents/CESE/Protocolos_Comunicacion/proyecto_final/PdeC_sescriba/MPU9250/Drivers/BSP" -I"D:/Documents/CESE/Protocolos_Comunicacion/proyecto_final/PdeC_sescriba/MPU9250/Drivers/BSP/STM32F4xx_Nucleo_144" -O0 -ffunction-sections -fdata-sections -Wall -fstack-usage -MMD -MP -MF"Drivers/dev/src/mpu9250.d" -MT"Drivers/dev/src/mpu9250.o" --specs=nano.specs -mfpu=fpv4-sp-d16 -mfloat-abi=hard -mthumb -o "Drivers/dev/src/mpu9250.o"
arm-none-eabi-gcc "../Core/Src/app/app_sm.c" -mcpu=cortex-m4 -std=gnu11 -g3 -DDEBUG -DUSE_HAL_DRIVER -DSTM32F429xx -c -I../Core/Inc -I../Drivers/STM32F4xx_HAL_Driver/Inc -I../Drivers/STM32F4xx_HAL_Driver/Inc/Legacy -I../Drivers/CMSIS/Device/ST/STM32F4xx/Include -I../Drivers/CMSIS/Include -I"D:/Documents/CESE/Protocolos_Comunicacion/proyecto_final/PdeC_sescriba/MPU9250/Drivers/dev/src" -I"D:/Documents/CESE/Protocolos_Comunicacion/proyecto_final/PdeC_sescriba/MPU9250/Drivers/dev/inc" -I"D:/Documents/CESE/Protocolos_Comunicacion/proyecto_final/PdeC_sescriba/MPU9250/Core/Src" -I"D:/Documents/CESE/Protocolos_Comunicacion/proyecto_final/PdeC_sescriba/MPU9250/Core/Inc/app" -I"D:/Documents/CESE/Protocolos_Comunicacion/proyecto_final/PdeC_sescriba/MPU9250/Core/Src/app" -I"D:/Documents/CESE/Protocolos_Comunicacion/proyecto_final/PdeC_sescriba/MPU9250/Drivers/BSP" -I"D:/Documents/CESE/Protocolos_Comunicacion/proyecto_final/PdeC_sescriba/MPU9250/Drivers/BSP/STM32F4xx_Nucleo_144" -O0 -ffunction-sections -fdata-sections -Wall -fstack-usage -MMD -MP -MF"Core/Src/app/app_sm.d" -MT"Core/Src/app/app_sm.o" --specs=nano.specs -mfpu=fpv4-sp-d16 -mfloat-abi=hard -mthumb -o "Core/Src/app/app_sm.o"
../Core/Src/app/app_sm.c: In function 'ftoa':
../Core/Src/app/app_sm.c:215:5: warning: implicit declaration of function 'itoa'; did you mean 'ftoa'? [-Wimplicit-function-declaration]
  215 |     itoa(ipart, istr, 10);
      |     ^~~~
      |     ftoa
arm-none-eabi-gcc -o "MPU9250.elf" @"objects.list"   -mcpu=cortex-m4 -T"D:\Documents\CESE\Protocolos_Comunicacion\proyecto_final\PdeC_sescriba\MPU9250\STM32F429ZITX_FLASH.ld" --specs=nosys.specs -Wl,-Map="MPU9250.map" -Wl,--gc-sections -static --specs=nano.specs -mfpu=fpv4-sp-d16 -mfloat-abi=hard -mthumb -Wl,--start-group -lc -lm -Wl,--end-group
Finished building target: MPU9250.elf
 
arm-none-eabi-size   MPU9250.elf 
arm-none-eabi-objdump -h -S  MPU9250.elf  > "MPU9250.list"
   text	   data	    bss	    dec	    hex	filename
  23104	    108	   1772	  24984	   6198	MPU9250.elf
Finished building: default.size.stdout
 
Finished building: MPU9250.list
 
19:55:27 **** Incremental Build of configuration Debug for project MPU9250 ****
make -j8 all 
arm-none-eabi-size   MPU9250.elf 
   text	   data	    bss	    dec	    hex	filename
  23104	    108	   1772	  24984	   6198	MPU9250.elf
Finished building: default.size.stdout
 
19:56:46 **** Incremental Build of configuration Debug for project MPU9250 ****
make -j8 all 
arm-none-eabi-gcc "../Core/Src/main.c" -mcpu=cortex-m4 -std=gnu11 -g3 -DDEBUG -DUSE_HAL_DRIVER -DSTM32F429xx -c -I../Core/Inc -I../Drivers/STM32F4xx_HAL_Driver/Inc -I../Drivers/STM32F4xx_HAL_Driver/Inc/Legacy -I../Drivers/CMSIS/Device/ST/STM32F4xx/Include -I../Drivers/CMSIS/Include -I"D:/Documents/CESE/Protocolos_Comunicacion/proyecto_final/PdeC_sescriba/MPU9250/Drivers/dev/src" -I"D:/Documents/CESE/Protocolos_Comunicacion/proyecto_final/PdeC_sescriba/MPU9250/Drivers/dev/inc" -I"D:/Documents/CESE/Protocolos_Comunicacion/proyecto_final/PdeC_sescriba/MPU9250/Core/Src" -I"D:/Documents/CESE/Protocolos_Comunicacion/proyecto_final/PdeC_sescriba/MPU9250/Core/Inc/app" -I"D:/Documents/CESE/Protocolos_Comunicacion/proyecto_final/PdeC_sescriba/MPU9250/Core/Src/app" -I"D:/Documents/CESE/Protocolos_Comunicacion/proyecto_final/PdeC_sescriba/MPU9250/Drivers/BSP" -I"D:/Documents/CESE/Protocolos_Comunicacion/proyecto_final/PdeC_sescriba/MPU9250/Drivers/BSP/STM32F4xx_Nucleo_144" -O0 -ffunction-sections -fdata-sections -Wall -fstack-usage -MMD -MP -MF"Core/Src/main.d" -MT"Core/Src/main.o" --specs=nano.specs -mfpu=fpv4-sp-d16 -mfloat-abi=hard -mthumb -o "Core/Src/main.o"
arm-none-eabi-gcc -o "MPU9250.elf" @"objects.list"   -mcpu=cortex-m4 -T"D:\Documents\CESE\Protocolos_Comunicacion\proyecto_final\PdeC_sescriba\MPU9250\STM32F429ZITX_FLASH.ld" --specs=nosys.specs -Wl,-Map="MPU9250.map" -Wl,--gc-sections -static --specs=nano.specs -mfpu=fpv4-sp-d16 -mfloat-abi=hard -mthumb -Wl,--start-group -lc -lm -Wl,--end-group
Finished building target: MPU9250.elf
 
arm-none-eabi-size   MPU9250.elf 
arm-none-eabi-objdump -h -S  MPU9250.elf  > "MPU9250.list"
   text	   data	    bss	    dec	    hex	filename
  23104	    108	   1772	  24984	   6198	MPU9250.elf
Finished building: default.size.stdout
 
Finished building: MPU9250.list
 
19:59:59 **** Incremental Build of configuration Debug for project MPU9250 ****
make -j8 all 
arm-none-eabi-gcc "../Drivers/dev/src/mpu9250.c" -mcpu=cortex-m4 -std=gnu11 -g3 -DDEBUG -DUSE_HAL_DRIVER -DSTM32F429xx -c -I../Core/Inc -I../Drivers/STM32F4xx_HAL_Driver/Inc -I../Drivers/STM32F4xx_HAL_Driver/Inc/Legacy -I../Drivers/CMSIS/Device/ST/STM32F4xx/Include -I../Drivers/CMSIS/Include -I"D:/Documents/CESE/Protocolos_Comunicacion/proyecto_final/PdeC_sescriba/MPU9250/Drivers/dev/src" -I"D:/Documents/CESE/Protocolos_Comunicacion/proyecto_final/PdeC_sescriba/MPU9250/Drivers/dev/inc" -I"D:/Documents/CESE/Protocolos_Comunicacion/proyecto_final/PdeC_sescriba/MPU9250/Core/Src" -I"D:/Documents/CESE/Protocolos_Comunicacion/proyecto_final/PdeC_sescriba/MPU9250/Core/Inc/app" -I"D:/Documents/CESE/Protocolos_Comunicacion/proyecto_final/PdeC_sescriba/MPU9250/Core/Src/app" -I"D:/Documents/CESE/Protocolos_Comunicacion/proyecto_final/PdeC_sescriba/MPU9250/Drivers/BSP" -I"D:/Documents/CESE/Protocolos_Comunicacion/proyecto_final/PdeC_sescriba/MPU9250/Drivers/BSP/STM32F4xx_Nucleo_144" -O0 -ffunction-sections -fdata-sections -Wall -fstack-usage -MMD -MP -MF"Drivers/dev/src/mpu9250.d" -MT"Drivers/dev/src/mpu9250.o" --specs=nano.specs -mfpu=fpv4-sp-d16 -mfloat-abi=hard -mthumb -o "Drivers/dev/src/mpu9250.o"
../Drivers/dev/src/mpu9250.c: In function 'APP_MPU9250ReadGyro':
../Drivers/dev/src/mpu9250.c:196:2: warning: statement with no effect [-Wunused-value]
  196 |  for(i; i < MPU9250_GYRO_ACCL_REGISTERS; i++){
      |  ^~~
arm-none-eabi-gcc -o "MPU9250.elf" @"objects.list"   -mcpu=cortex-m4 -T"D:\Documents\CESE\Protocolos_Comunicacion\proyecto_final\PdeC_sescriba\MPU9250\STM32F429ZITX_FLASH.ld" --specs=nosys.specs -Wl,-Map="MPU9250.map" -Wl,--gc-sections -static --specs=nano.specs -mfpu=fpv4-sp-d16 -mfloat-abi=hard -mthumb -Wl,--start-group -lc -lm -Wl,--end-group
Finished building target: MPU9250.elf
 
arm-none-eabi-size   MPU9250.elf 
arm-none-eabi-objdump -h -S  MPU9250.elf  > "MPU9250.list"
   text	   data	    bss	    dec	    hex	filename
  23104	    108	   1772	  24984	   6198	MPU9250.elf
Finished building: default.size.stdout
 
Finished building: MPU9250.list
 
20:02:40 **** Incremental Build of configuration Debug for project MPU9250 ****
make -j8 all 
arm-none-eabi-gcc "../Drivers/dev/src/mpu9250.c" -mcpu=cortex-m4 -std=gnu11 -g3 -DDEBUG -DUSE_HAL_DRIVER -DSTM32F429xx -c -I../Core/Inc -I../Drivers/STM32F4xx_HAL_Driver/Inc -I../Drivers/STM32F4xx_HAL_Driver/Inc/Legacy -I../Drivers/CMSIS/Device/ST/STM32F4xx/Include -I../Drivers/CMSIS/Include -I"D:/Documents/CESE/Protocolos_Comunicacion/proyecto_final/PdeC_sescriba/MPU9250/Drivers/dev/src" -I"D:/Documents/CESE/Protocolos_Comunicacion/proyecto_final/PdeC_sescriba/MPU9250/Drivers/dev/inc" -I"D:/Documents/CESE/Protocolos_Comunicacion/proyecto_final/PdeC_sescriba/MPU9250/Core/Src" -I"D:/Documents/CESE/Protocolos_Comunicacion/proyecto_final/PdeC_sescriba/MPU9250/Core/Inc/app" -I"D:/Documents/CESE/Protocolos_Comunicacion/proyecto_final/PdeC_sescriba/MPU9250/Core/Src/app" -I"D:/Documents/CESE/Protocolos_Comunicacion/proyecto_final/PdeC_sescriba/MPU9250/Drivers/BSP" -I"D:/Documents/CESE/Protocolos_Comunicacion/proyecto_final/PdeC_sescriba/MPU9250/Drivers/BSP/STM32F4xx_Nucleo_144" -O0 -ffunction-sections -fdata-sections -Wall -fstack-usage -MMD -MP -MF"Drivers/dev/src/mpu9250.d" -MT"Drivers/dev/src/mpu9250.o" --specs=nano.specs -mfpu=fpv4-sp-d16 -mfloat-abi=hard -mthumb -o "Drivers/dev/src/mpu9250.o"
arm-none-eabi-gcc -o "MPU9250.elf" @"objects.list"   -mcpu=cortex-m4 -T"D:\Documents\CESE\Protocolos_Comunicacion\proyecto_final\PdeC_sescriba\MPU9250\STM32F429ZITX_FLASH.ld" --specs=nosys.specs -Wl,-Map="MPU9250.map" -Wl,--gc-sections -static --specs=nano.specs -mfpu=fpv4-sp-d16 -mfloat-abi=hard -mthumb -Wl,--start-group -lc -lm -Wl,--end-group
Finished building target: MPU9250.elf
 
arm-none-eabi-size   MPU9250.elf 
arm-none-eabi-objdump -h -S  MPU9250.elf  > "MPU9250.list"
   text	   data	    bss	    dec	    hex	filename
  23112	    108	   1772	  24992	   61a0	MPU9250.elf
Finished building: default.size.stdout
 
Finished building: MPU9250.list
 
20:04:24 **** Incremental Build of configuration Debug for project MPU9250 ****
make -j8 all 
arm-none-eabi-gcc "../Core/Src/app/app_sm.c" -mcpu=cortex-m4 -std=gnu11 -g3 -DDEBUG -DUSE_HAL_DRIVER -DSTM32F429xx -c -I../Core/Inc -I../Drivers/STM32F4xx_HAL_Driver/Inc -I../Drivers/STM32F4xx_HAL_Driver/Inc/Legacy -I../Drivers/CMSIS/Device/ST/STM32F4xx/Include -I../Drivers/CMSIS/Include -I"D:/Documents/CESE/Protocolos_Comunicacion/proyecto_final/PdeC_sescriba/MPU9250/Drivers/dev/src" -I"D:/Documents/CESE/Protocolos_Comunicacion/proyecto_final/PdeC_sescriba/MPU9250/Drivers/dev/inc" -I"D:/Documents/CESE/Protocolos_Comunicacion/proyecto_final/PdeC_sescriba/MPU9250/Core/Src" -I"D:/Documents/CESE/Protocolos_Comunicacion/proyecto_final/PdeC_sescriba/MPU9250/Core/Inc/app" -I"D:/Documents/CESE/Protocolos_Comunicacion/proyecto_final/PdeC_sescriba/MPU9250/Core/Src/app" -I"D:/Documents/CESE/Protocolos_Comunicacion/proyecto_final/PdeC_sescriba/MPU9250/Drivers/BSP" -I"D:/Documents/CESE/Protocolos_Comunicacion/proyecto_final/PdeC_sescriba/MPU9250/Drivers/BSP/STM32F4xx_Nucleo_144" -O0 -ffunction-sections -fdata-sections -Wall -fstack-usage -MMD -MP -MF"Core/Src/app/app_sm.d" -MT"Core/Src/app/app_sm.o" --specs=nano.specs -mfpu=fpv4-sp-d16 -mfloat-abi=hard -mthumb -o "Core/Src/app/app_sm.o"
../Core/Src/app/app_sm.c: In function 'ftoa':
../Core/Src/app/app_sm.c:215:5: warning: implicit declaration of function 'itoa'; did you mean 'ftoa'? [-Wimplicit-function-declaration]
  215 |     itoa(ipart, istr, 10);
      |     ^~~~
      |     ftoa
arm-none-eabi-gcc -o "MPU9250.elf" @"objects.list"   -mcpu=cortex-m4 -T"D:\Documents\CESE\Protocolos_Comunicacion\proyecto_final\PdeC_sescriba\MPU9250\STM32F429ZITX_FLASH.ld" --specs=nosys.specs -Wl,-Map="MPU9250.map" -Wl,--gc-sections -static --specs=nano.specs -mfpu=fpv4-sp-d16 -mfloat-abi=hard -mthumb -Wl,--start-group -lc -lm -Wl,--end-group
Finished building target: MPU9250.elf
 
arm-none-eabi-size   MPU9250.elf 
arm-none-eabi-objdump -h -S  MPU9250.elf  > "MPU9250.list"
   text	   data	    bss	    dec	    hex	filename
  23112	    108	   1772	  24992	   61a0	MPU9250.elf
Finished building: default.size.stdout
 
Finished building: MPU9250.list
 
20:06:00 **** Incremental Build of configuration Debug for project MPU9250 ****
make -j8 all 
arm-none-eabi-gcc "../Core/Src/app/app_sm.c" -mcpu=cortex-m4 -std=gnu11 -g3 -DDEBUG -DUSE_HAL_DRIVER -DSTM32F429xx -c -I../Core/Inc -I../Drivers/STM32F4xx_HAL_Driver/Inc -I../Drivers/STM32F4xx_HAL_Driver/Inc/Legacy -I../Drivers/CMSIS/Device/ST/STM32F4xx/Include -I../Drivers/CMSIS/Include -I"D:/Documents/CESE/Protocolos_Comunicacion/proyecto_final/PdeC_sescriba/MPU9250/Drivers/dev/src" -I"D:/Documents/CESE/Protocolos_Comunicacion/proyecto_final/PdeC_sescriba/MPU9250/Drivers/dev/inc" -I"D:/Documents/CESE/Protocolos_Comunicacion/proyecto_final/PdeC_sescriba/MPU9250/Core/Src" -I"D:/Documents/CESE/Protocolos_Comunicacion/proyecto_final/PdeC_sescriba/MPU9250/Core/Inc/app" -I"D:/Documents/CESE/Protocolos_Comunicacion/proyecto_final/PdeC_sescriba/MPU9250/Core/Src/app" -I"D:/Documents/CESE/Protocolos_Comunicacion/proyecto_final/PdeC_sescriba/MPU9250/Drivers/BSP" -I"D:/Documents/CESE/Protocolos_Comunicacion/proyecto_final/PdeC_sescriba/MPU9250/Drivers/BSP/STM32F4xx_Nucleo_144" -O0 -ffunction-sections -fdata-sections -Wall -fstack-usage -MMD -MP -MF"Core/Src/app/app_sm.d" -MT"Core/Src/app/app_sm.o" --specs=nano.specs -mfpu=fpv4-sp-d16 -mfloat-abi=hard -mthumb -o "Core/Src/app/app_sm.o"
../Core/Src/app/app_sm.c: In function 'ftoa':
../Core/Src/app/app_sm.c:215:5: warning: implicit declaration of function 'itoa'; did you mean 'ftoa'? [-Wimplicit-function-declaration]
  215 |     itoa(ipart, istr, 10);
      |     ^~~~
      |     ftoa
arm-none-eabi-gcc -o "MPU9250.elf" @"objects.list"   -mcpu=cortex-m4 -T"D:\Documents\CESE\Protocolos_Comunicacion\proyecto_final\PdeC_sescriba\MPU9250\STM32F429ZITX_FLASH.ld" --specs=nosys.specs -Wl,-Map="MPU9250.map" -Wl,--gc-sections -static --specs=nano.specs -mfpu=fpv4-sp-d16 -mfloat-abi=hard -mthumb -Wl,--start-group -lc -lm -Wl,--end-group
Finished building target: MPU9250.elf
 
arm-none-eabi-size   MPU9250.elf 
arm-none-eabi-objdump -h -S  MPU9250.elf  > "MPU9250.list"
   text	   data	    bss	    dec	    hex	filename
  23112	    108	   1772	  24992	   61a0	MPU9250.elf
Finished building: default.size.stdout
 
Finished building: MPU9250.list
 
20:06:39 **** Incremental Build of configuration Debug for project MPU9250 ****
make -j8 all 
arm-none-eabi-gcc "../Core/Src/app/app_sm.c" -mcpu=cortex-m4 -std=gnu11 -g3 -DDEBUG -DUSE_HAL_DRIVER -DSTM32F429xx -c -I../Core/Inc -I../Drivers/STM32F4xx_HAL_Driver/Inc -I../Drivers/STM32F4xx_HAL_Driver/Inc/Legacy -I../Drivers/CMSIS/Device/ST/STM32F4xx/Include -I../Drivers/CMSIS/Include -I"D:/Documents/CESE/Protocolos_Comunicacion/proyecto_final/PdeC_sescriba/MPU9250/Drivers/dev/src" -I"D:/Documents/CESE/Protocolos_Comunicacion/proyecto_final/PdeC_sescriba/MPU9250/Drivers/dev/inc" -I"D:/Documents/CESE/Protocolos_Comunicacion/proyecto_final/PdeC_sescriba/MPU9250/Core/Src" -I"D:/Documents/CESE/Protocolos_Comunicacion/proyecto_final/PdeC_sescriba/MPU9250/Core/Inc/app" -I"D:/Documents/CESE/Protocolos_Comunicacion/proyecto_final/PdeC_sescriba/MPU9250/Core/Src/app" -I"D:/Documents/CESE/Protocolos_Comunicacion/proyecto_final/PdeC_sescriba/MPU9250/Drivers/BSP" -I"D:/Documents/CESE/Protocolos_Comunicacion/proyecto_final/PdeC_sescriba/MPU9250/Drivers/BSP/STM32F4xx_Nucleo_144" -O0 -ffunction-sections -fdata-sections -Wall -fstack-usage -MMD -MP -MF"Core/Src/app/app_sm.d" -MT"Core/Src/app/app_sm.o" --specs=nano.specs -mfpu=fpv4-sp-d16 -mfloat-abi=hard -mthumb -o "Core/Src/app/app_sm.o"
../Core/Src/app/app_sm.c: In function 'ftoa':
../Core/Src/app/app_sm.c:215:5: warning: implicit declaration of function 'itoa'; did you mean 'ftoa'? [-Wimplicit-function-declaration]
  215 |     itoa(ipart, istr, 10);
      |     ^~~~
      |     ftoa
arm-none-eabi-gcc -o "MPU9250.elf" @"objects.list"   -mcpu=cortex-m4 -T"D:\Documents\CESE\Protocolos_Comunicacion\proyecto_final\PdeC_sescriba\MPU9250\STM32F429ZITX_FLASH.ld" --specs=nosys.specs -Wl,-Map="MPU9250.map" -Wl,--gc-sections -static --specs=nano.specs -mfpu=fpv4-sp-d16 -mfloat-abi=hard -mthumb -Wl,--start-group -lc -lm -Wl,--end-group
Finished building target: MPU9250.elf
 
arm-none-eabi-size   MPU9250.elf 
arm-none-eabi-objdump -h -S  MPU9250.elf  > "MPU9250.list"
   text	   data	    bss	    dec	    hex	filename
  23112	    108	   1772	  24992	   61a0	MPU9250.elf
Finished building: default.size.stdout
 
Finished building: MPU9250.list
 
